Archive member included to satisfy reference by file (symbol)

app/libapp.a(main.c.obj)      (--whole-archive)
zephyr/libzephyr.a(validate_libc.c.obj)
                              (--whole-archive)
zephyr/libzephyr.a(heap.c.obj)
                              (--whole-archive)
zephyr/libzephyr.a(boot_banner.c.obj)
                              (--whole-archive)
zephyr/libzephyr.a(cbprintf_packaged.c.obj)
                              (--whole-archive)
zephyr/libzephyr.a(clock.c.obj)
                              (--whole-archive)
zephyr/libzephyr.a(printk.c.obj)
                              (--whole-archive)
zephyr/libzephyr.a(cbprintf_complete.c.obj)
                              (--whole-archive)
zephyr/libzephyr.a(assert.c.obj)
                              (--whole-archive)
zephyr/libzephyr.a(dec.c.obj)
                              (--whole-archive)
zephyr/libzephyr.a(hex.c.obj)
                              (--whole-archive)
zephyr/libzephyr.a(rb.c.obj)  (--whole-archive)
zephyr/libzephyr.a(set.c.obj)
                              (--whole-archive)
zephyr/libzephyr.a(timeutil.c.obj)
                              (--whole-archive)
zephyr/libzephyr.a(bitarray.c.obj)
                              (--whole-archive)
zephyr/libzephyr.a(bitmask.c.obj)
                              (--whole-archive)
zephyr/libzephyr.a(getopt.c.obj)
                              (--whole-archive)
zephyr/libzephyr.a(getopt_common.c.obj)
                              (--whole-archive)
zephyr/libzephyr.a(ring_buffer.c.obj)
                              (--whole-archive)
zephyr/libzephyr.a(last_section_id.c.obj)
                              (--whole-archive)
zephyr/libzephyr.a(configs.c.obj)
                              (--whole-archive)
zephyr/libzephyr.a(tracing_none.c.obj)
                              (--whole-archive)
zephyr/libzephyr.a(sem.c.obj)
                              (--whole-archive)
zephyr/libzephyr.a(thread_entry.c.obj)
                              (--whole-archive)
zephyr/arch/common/libarch__common.a(sw_isr_common.c.obj)
                              (--whole-archive)
zephyr/arch/common/libarch__common.a(init.c.obj)
                              (--whole-archive)
zephyr/arch/common/libarch__common.a(xip.c.obj)
                              (--whole-archive)
zephyr/arch/arch/arm/core/libarch__arm__core.a(fatal.c.obj)
                              (--whole-archive)
zephyr/arch/arch/arm/core/libarch__arm__core.a(nmi.c.obj)
                              (--whole-archive)
zephyr/arch/arch/arm/core/libarch__arm__core.a(nmi_on_reset.S.obj)
                              (--whole-archive)
zephyr/arch/arch/arm/core/libarch__arm__core.a(tls.c.obj)
                              (--whole-archive)
zephyr/arch/arch/arm/core/cortex_m/libarch__arm__core__cortex_m.a(fault.c.obj)
                              (--whole-archive)
zephyr/arch/arch/arm/core/cortex_m/libarch__arm__core__cortex_m.a(fault_s.S.obj)
                              (--whole-archive)
zephyr/arch/arch/arm/core/cortex_m/libarch__arm__core__cortex_m.a(fpu.c.obj)
                              (--whole-archive)
zephyr/arch/arch/arm/core/cortex_m/libarch__arm__core__cortex_m.a(reset.S.obj)
                              (--whole-archive)
zephyr/arch/arch/arm/core/cortex_m/libarch__arm__core__cortex_m.a(scb.c.obj)
                              (--whole-archive)
zephyr/arch/arch/arm/core/cortex_m/libarch__arm__core__cortex_m.a(vector_table.S.obj)
                              (--whole-archive)
zephyr/arch/arch/arm/core/cortex_m/libarch__arm__core__cortex_m.a(svc.S.obj)
                              (--whole-archive)
zephyr/arch/arch/arm/core/cortex_m/libarch__arm__core__cortex_m.a(irq_manage.c.obj)
                              (--whole-archive)
zephyr/arch/arch/arm/core/cortex_m/libarch__arm__core__cortex_m.a(prep_c.c.obj)
                              (--whole-archive)
zephyr/arch/arch/arm/core/cortex_m/libarch__arm__core__cortex_m.a(thread.c.obj)
                              (--whole-archive)
zephyr/arch/arch/arm/core/cortex_m/libarch__arm__core__cortex_m.a(cpu_idle.c.obj)
                              (--whole-archive)
zephyr/arch/arch/arm/core/cortex_m/libarch__arm__core__cortex_m.a(exc_exit.c.obj)
                              (--whole-archive)
zephyr/arch/arch/arm/core/cortex_m/libarch__arm__core__cortex_m.a(thread_abort.c.obj)
                              (--whole-archive)
zephyr/arch/arch/arm/core/cortex_m/libarch__arm__core__cortex_m.a(swap_helper.S.obj)
                              (--whole-archive)
zephyr/arch/arch/arm/core/cortex_m/libarch__arm__core__cortex_m.a(irq_init.c.obj)
                              (--whole-archive)
zephyr/arch/arch/arm/core/cortex_m/libarch__arm__core__cortex_m.a(isr_wrapper.c.obj)
                              (--whole-archive)
zephyr/arch/arch/arm/core/cortex_m/libarch__arm__core__cortex_m.a(__aeabi_read_tp.S.obj)
                              (--whole-archive)
[...]
Memory Configuration

Name             Origin             Length             Attributes
FLASH            0x00000000         0x00040000         xr
RAM              0x20000000         0x00010000         xw
IDT_LIST         0xffff7fff         0x00008000         xw
*default*        0x00000000         0xffffffff

Linker script and memory map

                0x000016fc                        vfprintf = __l_vfprintf
                0x00000000                        vfscanf = __l_vfscanf
LOAD zephyr/CMakeFiles/zephyr_final.dir/misc/empty_file.c.obj
LOAD zephyr/CMakeFiles/zephyr_final.dir/isr_tables.c.obj
LOAD zephyr/CMakeFiles/offsets.dir/./arch/arm/core/offsets/offsets.c.obj
LOAD app/libapp.a
LOAD zephyr/libzephyr.a
LOAD zephyr/arch/common/libarch__common.a
LOAD zephyr/arch/arch/arm/core/libarch__arm__core.a
LOAD zephyr/arch/arch/arm/core/cortex_m/libarch__arm__core__cortex_m.a
LOAD zephyr/lib/libc/picolibc/liblib__libc__picolibc.a
LOAD zephyr/lib/libc/common/liblib__libc__common.a
LOAD zephyr/soc/soc/ti_lm3s6965/libsoc__ti__lm3s6965.a
LOAD zephyr/subsys/portability/posix/c_lib_ext/libsubsys__portability__posix__c_lib_ext.a
LOAD zephyr/drivers/console/libdrivers__console.a
LOAD zephyr/drivers/serial/libdrivers__serial.a
LOAD zephyr/drivers/timer/libdrivers__timer.a
LOAD zephyr/kernel/libkernel.a
LOAD zephyr/arch/common/libisr_tables.a
LOAD /home/thule/zephyr-sdk-1.0.1/gnu/arm-zephyr-eabi/bin/../lib/gcc/arm-zephyr-eabi/14.3.0/../../../../arm-zephyr-eabi/lib/thumb/v7-m/nofp/space/libc.a
LOAD /home/thule/zephyr-sdk-1.0.1/gnu/arm-zephyr-eabi/bin/../lib/gcc/arm-zephyr-eabi/14.3.0/thumb/v7-m/nofp/space/libgcc.a
                0x00000004                        _region_min_align = 0x4

.rel.plt        0x00000000        0x0
 *(SORT_BY_ALIGNMENT(.rel.plt))
                [!provide]                        PROVIDE (__rel_iplt_start = .)
 *(SORT_BY_ALIGNMENT(.rel.iplt))
 .rel.iplt      0x00000000        0x0 zephyr/CMakeFiles/zephyr_final.dir/isr_tables.c.obj
                [!provide]                        PROVIDE (__rel_iplt_end = .)

.rela.plt       0x00000000        0x0
 *(SORT_BY_ALIGNMENT(.rela.plt))
                [!provide]                        PROVIDE (__rela_iplt_start = .)
 *(SORT_BY_ALIGNMENT(.rela.iplt))
                [!provide]                        PROVIDE (__rela_iplt_end = .)

.rel.dyn
 *(SORT_BY_ALIGNMENT(.rel.*))

.rela.dyn
 *(SORT_BY_ALIGNMENT(.rela.*))

/DISCARD/
 *(SORT_BY_ALIGNMENT(.plt))

/DISCARD/
 *(SORT_BY_ALIGNMENT(.iplt))
                0x00000000                        __rom_region_start = 0x0

rom_start       0x00000000       0xec
                0x00000000                        __rom_start_address = .
 FILL mask 0x00
                0x00000000                        . = (. + (0x0 - (. - __rom_start_address)))
                0x00000000                        . = ALIGN (0x4)
                0x00000000                        . = ALIGN (0x80)
                0x00000000                        . = ALIGN (0x100)
                0x00000000                        _vector_start = .
 *(SORT_BY_ALIGNMENT(.exc_vector_table))
 *(SORT_BY_ALIGNMENT(.exc_vector_table.*))
 .exc_vector_table._vector_table_section
                0x00000000       0x40 zephyr/arch/arch/arm/core/cortex_m/libarch__arm__core__cortex_m.a(vector_table.S.obj)
                0x00000000                _vector_table
 *(SORT_BY_ALIGNMENT(.vectors))
                0x000000ec                        _vector_end = .
                0x00000040                        . = ALIGN (0x4)
 *(SORT_BY_ALIGNMENT(.gnu.linkonce.irq_vector_table*))
 .gnu.linkonce.irq_vector_table
                0x00000040       0xac zephyr/CMakeFiles/zephyr_final.dir/isr_tables.c.obj
                0x00000040                _irq_vector_table
                0x000000ec                        _vector_end = .

text            0x000000ec     0x1f34
                0x000000ec                        __text_region_start = .
 *(SORT_BY_ALIGNMENT(.text))
 *(SORT_BY_ALIGNMENT(.text.*))
 .text.main     0x000000ec       0x18 app/libapp.a(main.c.obj)
                0x000000ec                main
 .text.boot_banner
                0x00000104       0x10 zephyr/libzephyr.a(boot_banner.c.obj)
 .text.char_out
                0x00000114        0xc zephyr/libzephyr.a(printk.c.obj)
 .text.__printk_hook_install
                0x00000120        0xc zephyr/libzephyr.a(printk.c.obj)
                0x00000120                __printk_hook_install
 .text.vprintk  0x0000012c       0x30 zephyr/libzephyr.a(printk.c.obj)
                0x0000012c                vprintk
 .text.z_thread_entry
                0x0000015c       0x34 zephyr/libzephyr.a(thread_entry.c.obj)
                0x0000015c                z_thread_entry
 .text.arch_bss_zero
                0x00000190       0x18 zephyr/arch/common/libarch__common.a(init.c.obj)
                0x00000190                arch_bss_zero
 .text.arch_data_copy
                0x000001a8       0x38 zephyr/arch/common/libarch__common.a(xip.c.obj)
                0x000001a8                arch_data_copy
 .text.z_arm_fatal_error
                0x000001e0       0x60 zephyr/arch/arch/arm/core/libarch__arm__core.a(fatal.c.obj)
                0x000001e0                z_arm_fatal_error
 .text.z_SysNmiOnReset
                0x00000240        0x8 zephyr/arch/arch/arm/core/libarch__arm__core.a(nmi_on_reset.S.obj)
                0x00000240                z_SysNmiOnReset
 .text.arch_tls_stack_setup
                0x00000248       0x40 zephyr/arch/arch/arm/core/libarch__arm__core.a(tls.c.obj)
                0x00000248                arch_tls_stack_setup
 .text.usage_fault.isra.0
                0x00000288       0x98 zephyr/arch/arch/arm/core/cortex_m/libarch__arm__core__cortex_m.a(fault.c.obj)
 .text.bus_fault.isra.0
                0x00000320       0xa4 zephyr/arch/arch/arm/core/cortex_m/libarch__arm__core__cortex_m.a(fault.c.obj)
 .text.mem_manage_fault.isra.0
                0x000003c4       0x9c zephyr/arch/arch/arm/core/cortex_m/libarch__arm__core__cortex_m.a(fault.c.obj)
 .text.z_arm_fault
                0x00000460      0x1a8 zephyr/arch/arch/arm/core/cortex_m/libarch__arm__core__cortex_m.a(fault.c.obj)
                0x00000460                z_arm_fault
 .text.z_arm_fault_init
                0x00000608       0x18 zephyr/arch/arch/arm/core/cortex_m/libarch__arm__core__cortex_m.a(fault.c.obj)
                0x00000608                z_arm_fault_init
 .text.__fault  0x00000620       0x14 zephyr/arch/arch/arm/core/cortex_m/libarch__arm__core__cortex_m.a(fault_s.S.obj)
                0x00000620                z_arm_bus_fault
                0x00000620                z_arm_usage_fault
                0x00000620                z_arm_mpu_fault
                0x00000620                z_arm_exc_spurious
                0x00000620                z_arm_debug_monitor
                0x00000620                z_arm_hard_fault
 .text._reset_section
                0x00000634       0x34 zephyr/arch/arch/arm/core/cortex_m/libarch__arm__core__cortex_m.a(reset.S.obj)
                0x00000634                z_arm_reset
                0x00000634                __start
 .text.z_arm_svc
                0x00000668       0x24 zephyr/arch/arch/arm/core/cortex_m/libarch__arm__core__cortex_m.a(svc.S.obj)
                0x00000668                z_arm_svc
 .text.relocate_vector_table
                0x0000068c       0x20 zephyr/arch/arch/arm/core/cortex_m/libarch__arm__core__cortex_m.a(prep_c.c.obj)
                0x0000068c                relocate_vector_table
 .text.arch_new_thread
                0x000006ac       0x38 zephyr/arch/arch/arm/core/cortex_m/libarch__arm__core__cortex_m.a(thread.c.obj)
                0x000006ac                arch_new_thread
 .text.arch_switch_to_main_thread
                0x000006e4       0x38 zephyr/arch/arch/arm/core/cortex_m/libarch__arm__core__cortex_m.a(thread.c.obj)
                0x000006e4                arch_switch_to_main_thread
 .text.z_arm_cpu_idle_init
                0x0000071c        0xc zephyr/arch/arch/arm/core/cortex_m/libarch__arm__core__cortex_m.a(cpu_idle.c.obj)
                0x0000071c                z_arm_cpu_idle_init
 .text._HandlerModeExit
                0x00000728       0x20 zephyr/arch/arch/arm/core/cortex_m/libarch__arm__core__cortex_m.a(exc_exit.c.obj)
                0x00000728                z_arm_exc_exit
                0x00000728                z_arm_int_exit
 .text.z_impl_k_thread_abort
                0x00000748       0x2c zephyr/arch/arch/arm/core/cortex_m/libarch__arm__core__cortex_m.a(thread_abort.c.obj)
                0x00000748                z_impl_k_thread_abort
 .text.z_arm_pendsv
                0x00000774       0x54 zephyr/arch/arch/arm/core/cortex_m/libarch__arm__core__cortex_m.a(swap_helper.S.obj)
                0x00000774                z_arm_pendsv
 .text.z_arm_interrupt_init
                0x000007c8       0x18 zephyr/arch/arch/arm/core/cortex_m/libarch__arm__core__cortex_m.a(irq_init.c.obj)
                0x000007c8                z_arm_interrupt_init
 .text._isr_wrapper
                0x000007e0       0x24 zephyr/arch/arch/arm/core/cortex_m/libarch__arm__core__cortex_m.a(isr_wrapper.c.obj)
                0x000007e0                _isr_wrapper
 .text.__aeabi_read_tp
                0x00000804        0xc zephyr/arch/arch/arm/core/cortex_m/libarch__arm__core__cortex_m.a(__aeabi_read_tp.S.obj)
                0x00000804                __aeabi_read_tp
 .text.z_impl_zephyr_fputc
                0x00000810       0x10 zephyr/lib/libc/picolibc/liblib__libc__picolibc.a(stdio.c.obj)
                0x00000810                z_impl_zephyr_fputc
 .text.__stdout_hook_install
                0x00000820       0x18 zephyr/lib/libc/picolibc/liblib__libc__picolibc.a(stdio.c.obj)
                0x00000820                __stdout_hook_install
 .text.malloc_prepare
                0x00000838       0x24 zephyr/lib/libc/common/liblib__libc__common.a(malloc.c.obj)
 .text.uart_stellaris_init
                0x0000085c       0x30 zephyr/soc/soc/ti_lm3s6965/libsoc__ti__lm3s6965.a(soc_config.c.obj)
 .text.uart_console_init
                0x0000088c       0x28 zephyr/drivers/console/libdrivers__console.a(uart_console.c.obj)
 .text.console_out
                0x000008b4       0x28 zephyr/drivers/console/libdrivers__console.a(uart_console.c.obj)
 .text.elapsed  0x000008dc       0x44 zephyr/drivers/timer/libdrivers__timer.a(cortex_m_systick.c.obj)
 .text.sys_clock_driver_init
                0x00000920       0x34 zephyr/drivers/timer/libdrivers__timer.a(cortex_m_systick.c.obj)
 .text.sys_clock_isr
                0x00000954       0x60 zephyr/drivers/timer/libdrivers__timer.a(cortex_m_systick.c.obj)
                0x00000954                sys_clock_isr
 .text.sys_clock_set_timeout
                0x000009b4       0xe0 zephyr/drivers/timer/libdrivers__timer.a(cortex_m_systick.c.obj)
                0x000009b4                sys_clock_set_timeout
 .text.sys_clock_elapsed
                0x00000a94       0x3c zephyr/drivers/timer/libdrivers__timer.a(cortex_m_systick.c.obj)
                0x00000a94                sys_clock_elapsed
 .text.z_fatal_error
                0x00000ad0       0x30 zephyr/kernel/libkernel.a(fatal.c.obj)
                0x00000ad0                z_fatal_error
 .text.z_sys_init_run_level
                0x00000b00       0x30 zephyr/kernel/libkernel.a(init.c.obj)
 .text.bg_thread_main
                0x00000b30       0xbc zephyr/kernel/libkernel.a(init.c.obj)
 .text.z_init_cpu
                0x00000bec       0x68 zephyr/kernel/libkernel.a(init.c.obj)
                0x00000bec                z_init_cpu
 .text.z_cstart
                0x00000c54       0xc0 zephyr/kernel/libkernel.a(init.c.obj)
                0x00000c54                z_cstart
 .text.z_setup_new_thread
                0x00000d14       0x70 zephyr/kernel/libkernel.a(thread.c.obj)
                0x00000d14                z_setup_new_thread
 .text.z_dummy_thread_init
                0x00000d84       0x14 zephyr/kernel/libkernel.a(thread.c.obj)
                0x00000d84                z_dummy_thread_init
 .text.z_impl_k_wakeup
                0x00000d98       0x48 zephyr/kernel/libkernel.a(thread.c.obj)
                0x00000d98                z_impl_k_wakeup
 .text.z_swap_irqlock
                0x00000de0       0x30 zephyr/kernel/libkernel.a(sched.c.obj)
 .text.unready_thread
                0x00000e10       0xa4 zephyr/kernel/libkernel.a(sched.c.obj)
 .text.ready_thread
                0x00000eb4       0x98 zephyr/kernel/libkernel.a(sched.c.obj)
 .text.reschedule.isra.0
                0x00000f4c       0x28 zephyr/kernel/libkernel.a(sched.c.obj)
 .text.move_current_to_end_of_prio_q
                0x00000f74       0x5c zephyr/kernel/libkernel.a(sched.c.obj)
                0x00000f74                move_current_to_end_of_prio_q
 .text.z_thread_halt
                0x00000fd0      0x188 zephyr/kernel/libkernel.a(sched.c.obj)
                0x00000fd0                z_thread_halt
 .text.z_sched_lock_reschedule
                0x00001158       0x50 zephyr/kernel/libkernel.a(sched.c.obj)
                0x00001158                z_sched_lock_reschedule
 .text.z_sched_yield
                0x000011a8       0x70 zephyr/kernel/libkernel.a(sched.c.obj)
                0x000011a8                z_sched_yield
 .text.z_tick_sleep
                0x00001218       0x90 zephyr/kernel/libkernel.a(sleep.c.obj)
 .text.z_sched_init
                0x000012a8       0x24 zephyr/kernel/libkernel.a(scheduler.c.obj)
                0x000012a8                z_sched_init
 .text.k_sched_lock
                0x000012cc       0x28 zephyr/kernel/libkernel.a(scheduler.c.obj)
                0x000012cc                k_sched_lock
 .text.k_sched_unlock
                0x000012f4       0x20 zephyr/kernel/libkernel.a(scheduler.c.obj)
                0x000012f4                k_sched_unlock
 .text.z_impl_k_sched_current_thread_query
                0x00001314        0xc zephyr/kernel/libkernel.a(scheduler.c.obj)
                0x00001314                z_impl_k_sched_current_thread_query
 .text.z_time_slice_size
                0x00001320       0x40 zephyr/kernel/libkernel.a(timeslicing.c.obj)
 .text.slice_timeout
                0x00001360       0x20 zephyr/kernel/libkernel.a(timeslicing.c.obj)
 .text.z_time_slice_reset
                0x00001380       0x44 zephyr/kernel/libkernel.a(timeslicing.c.obj)
                0x00001380                z_time_slice_reset
 .text.z_time_slice
                0x000013c4       0x5c zephyr/kernel/libkernel.a(timeslicing.c.obj)
                0x000013c4                z_time_slice
 .text.first    0x00001420       0x10 zephyr/kernel/libkernel.a(timeout.c.obj)
 .text.elapsed  0x00001430       0x14 zephyr/kernel/libkernel.a(timeout.c.obj)
 .text.z_add_timeout
                0x00001444      0x12c zephyr/kernel/libkernel.a(timeout.c.obj)
                0x00001444                z_add_timeout
 .text.z_abort_timeout
                0x00001570       0x90 zephyr/kernel/libkernel.a(timeout.c.obj)
                0x00001570                z_abort_timeout
 .text.sys_clock_announce_locked
                0x00001600       0xcc zephyr/kernel/libkernel.a(timeout.c.obj)
                0x00001600                sys_clock_announce_locked
 .text.sys_clock_tick_get
                0x000016cc       0x30 zephyr/kernel/libkernel.a(timeout.c.obj)
                0x000016cc                sys_clock_tick_get
 .text.__l_vfprintf
                0x000016fc      0x484 /home/thule/zephyr-sdk-1.0.1/gnu/arm-zephyr-eabi/bin/../lib/gcc/arm-zephyr-eabi/14.3.0/../../../../arm-zephyr-eabi/lib/thumb/v7-m/nofp/space/libc.a(libc_tinystdio_vflprintf.c.o)
                0x000016fc                __l_vfprintf
 .text._OffsetAbsSyms
                0x00001b80        0x2 zephyr/CMakeFiles/offsets.dir/./arch/arm/core/offsets/offsets.c.obj
                0x00001b80                _OffsetAbsSyms
 .text.chunk_size
                0x00001b82        0xa zephyr/libzephyr.a(heap.c.obj)
 .text.free_list_add
                0x00001b8c       0x4e zephyr/libzephyr.a(heap.c.obj)
 .text.sys_heap_init
                0x00001bda       0x82 zephyr/libzephyr.a(heap.c.obj)
                0x00001bda                sys_heap_init
 .text.arch_printk_char_out
                0x00001c5c        0x4 zephyr/libzephyr.a(printk.c.obj)
                0x00001c5c                arch_printk_char_out
 .text.printk   0x00001c60       0x1a zephyr/libzephyr.a(printk.c.obj)
                0x00001c60                printk
 .text._ConfigAbsSyms
                0x00001c7a        0x2 zephyr/libzephyr.a(configs.c.obj)
                0x00001c7a                _ConfigAbsSyms
 .text.arch_early_memset
                0x00001c7c        0x4 zephyr/arch/common/libarch__common.a(init.c.obj)
                0x00001c7c                arch_early_memset
 .text.arch_early_memcpy
                0x00001c80        0x4 zephyr/arch/common/libarch__common.a(init.c.obj)
                0x00001c80                arch_early_memcpy
 .text.z_do_kernel_oops
                0x00001c84        0x8 zephyr/arch/arch/arm/core/libarch__arm__core.a(fatal.c.obj)
                0x00001c84                z_do_kernel_oops
 .text.z_arm_nmi
                0x00001c8c        0xe zephyr/arch/arch/arm/core/libarch__arm__core.a(nmi.c.obj)
                0x00001c8c                z_arm_nmi
 .text.z_irq_spurious
                0x00001c9a        0x8 zephyr/arch/arch/arm/core/cortex_m/libarch__arm__core__cortex_m.a(irq_manage.c.obj)
                0x00001c9a                z_irq_spurious
 .text.z_prep_c
                0x00001ca2       0x16 zephyr/arch/arch/arm/core/cortex_m/libarch__arm__core__cortex_m.a(prep_c.c.obj)
                0x00001ca2                z_prep_c
 .text.arch_coprocessors_disable
                0x00001cb8        0x6 zephyr/arch/arch/arm/core/cortex_m/libarch__arm__core__cortex_m.a(thread.c.obj)
                0x00001cb8                arch_coprocessors_disable
 .text.arch_irq_unlock_outlined
                0x00001cbe        0xe zephyr/arch/arch/arm/core/cortex_m/libarch__arm__core__cortex_m.a(thread.c.obj)
                0x00001cbe                arch_irq_unlock_outlined
 .text.arch_cpu_idle
                0x00001ccc       0x1a zephyr/arch/arch/arm/core/cortex_m/libarch__arm__core__cortex_m.a(cpu_idle.c.obj)
                0x00001ccc                arch_cpu_idle
 .text.picolibc_put
                0x00001ce6        0xa zephyr/lib/libc/picolibc/liblib__libc__picolibc.a(stdio.c.obj)
 .text.uart_stellaris_poll_in
                0x00001cf0       0x16 zephyr/drivers/serial/libdrivers__serial.a(uart_stellaris.c.obj)
 .text.uart_stellaris_poll_out
                0x00001d06        0xe zephyr/drivers/serial/libdrivers__serial.a(uart_stellaris.c.obj)
 .text.uart_stellaris_init
                0x00001d14       0x60 zephyr/drivers/serial/libdrivers__serial.a(uart_stellaris.c.obj)
 .text.do_device_init
                0x00001d74       0x30 zephyr/kernel/libkernel.a(device.c.obj)
                0x00001d74                do_device_init
 .text.z_impl_device_is_ready
                0x00001da4       0x16 zephyr/kernel/libkernel.a(device.c.obj)
                0x00001da4                z_impl_device_is_ready
 .text.arch_system_halt
                0x00001dba       0x10 zephyr/kernel/libkernel.a(fatal.c.obj)
                0x00001dba                arch_system_halt
 .text.k_sys_fatal_error_handler
                0x00001dca        0x6 zephyr/kernel/libkernel.a(fatal.c.obj)
                0x00001dca                k_sys_fatal_error_handler
 .text.idle     0x00001dd0       0x16 zephyr/kernel/libkernel.a(idle.c.obj)
                0x00001dd0                idle
 .text.z_thread_abort
                0x00001de6       0x3e zephyr/kernel/libkernel.a(thread.c.obj)
                0x00001de6                z_thread_abort
 .text.z_impl_k_yield
                0x00001e24        0x4 zephyr/kernel/libkernel.a(thread.c.obj)
                0x00001e24                z_impl_k_yield
 .text.unpend_thread_no_timeout
                0x00001e28       0x1a zephyr/kernel/libkernel.a(sched.c.obj)
 .text.z_ready_thread
                0x00001e42       0x1e zephyr/kernel/libkernel.a(sched.c.obj)
                0x00001e42                z_ready_thread
 .text.z_sched_ready_locked
                0x00001e60        0x4 zephyr/kernel/libkernel.a(sched.c.obj)
                0x00001e60                z_sched_ready_locked
 .text.z_sched_unready_locked
                0x00001e64        0x4 zephyr/kernel/libkernel.a(sched.c.obj)
                0x00001e64                z_sched_unready_locked
 .text.z_sched_wake_thread_locked
                0x00001e68       0x28 zephyr/kernel/libkernel.a(sched.c.obj)
                0x00001e68                z_sched_wake_thread_locked
 .text.z_thread_timeout
                0x00001e90       0x30 zephyr/kernel/libkernel.a(sched.c.obj)
                0x00001e90                z_thread_timeout
 .text.z_reschedule
                0x00001ec0        0x6 zephyr/kernel/libkernel.a(sched.c.obj)
                0x00001ec0                z_reschedule
 .text.z_impl_k_sleep
                0x00001ec6       0x32 zephyr/kernel/libkernel.a(sleep.c.obj)
                0x00001ec6                z_impl_k_sleep
 .text.next_timeout
                0x00001ef8       0x2e zephyr/kernel/libkernel.a(timeout.c.obj)
 .text.sys_clock_tick_get_32
                0x00001f26        0x8 zephyr/kernel/libkernel.a(timeout.c.obj)
                0x00001f26                sys_clock_tick_get_32
 .text.memcpy   0x00001f2e       0x1c /home/thule/zephyr-sdk-1.0.1/gnu/arm-zephyr-eabi/bin/../lib/gcc/arm-zephyr-eabi/14.3.0/../../../../arm-zephyr-eabi/lib/thumb/v7-m/nofp/space/libc.a(memcpy.c.o)
                0x00001f2e                memcpy
                0x00001f2e                __aeabi_memcpy
                0x00001f2e                __aeabi_memcpy4
                0x00001f2e                __aeabi_memcpy8
 .text.memset   0x00001f4a       0x10 /home/thule/zephyr-sdk-1.0.1/gnu/arm-zephyr-eabi/bin/../lib/gcc/arm-zephyr-eabi/14.3.0/../../../../arm-zephyr-eabi/lib/thumb/v7-m/nofp/space/libc.a(memset.c.o)
                0x00001f4a                memset
 .text.strnlen  0x00001f5a       0x18 /home/thule/zephyr-sdk-1.0.1/gnu/arm-zephyr-eabi/bin/../lib/gcc/arm-zephyr-eabi/14.3.0/../../../../arm-zephyr-eabi/lib/thumb/v7-m/nofp/space/libc.a(libc_string_strnlen.c.o)
                0x00001f5a                strnlen
 .text.__ultoa_invert
                0x00001f72       0xae /home/thule/zephyr-sdk-1.0.1/gnu/arm-zephyr-eabi/bin/../lib/gcc/arm-zephyr-eabi/14.3.0/../../../../arm-zephyr-eabi/lib/thumb/v7-m/nofp/space/libc.a(libc_tinystdio_vflprintf.c.o)
 *(SORT_BY_ALIGNMENT(.gnu.linkonce.t.*))
 *(SORT_BY_ALIGNMENT(.glue_7t))
 .glue_7t       0x00002020        0x0 linker stubs
 *(SORT_BY_ALIGNMENT(.glue_7))
 .glue_7        0x00002020        0x0 linker stubs
 *(SORT_BY_ALIGNMENT(.vfp11_veneer))
 .vfp11_veneer  0x00002020        0x0 linker stubs
 *(SORT_BY_ALIGNMENT(.v4_bx))
 .v4_bx         0x00002020        0x0 linker stubs
                0x00002020                        . = ALIGN (0x4)
                0x00002020                        __text_region_end = .

.ARM.exidx      0x00002020        0x0
                0x00002020                        __exidx_start = .
 *(SORT_BY_ALIGNMENT(.ARM.exidx*) SORT_BY_ALIGNMENT(gnu.linkonce.armexidx.*))
                0x00002020                        __exidx_end = .
                0x00002020                        __rodata_region_start = .

initlevel       0x00002020       0x40
                0x00002020                        __init_start = .
                0x00002020                        __init_EARLY_start = .
 *(SORT_BY_NAME(SORT_BY_ALIGNMENT(.z_init_EARLY_P_?_*)))
 *(SORT_BY_NAME(SORT_BY_ALIGNMENT(.z_init_EARLY_P_??_*)))
 *(SORT_BY_NAME(SORT_BY_ALIGNMENT(.z_init_EARLY_P_???_*)))
                0x00002020                        __init_PRE_KERNEL_1_start = .
 *(SORT_BY_NAME(SORT_BY_ALIGNMENT(.z_init_PRE_KERNEL_1_P_?_*)))
 *(SORT_BY_NAME(SORT_BY_ALIGNMENT(.z_init_PRE_KERNEL_1_P_??_*)))
 .z_init_PRE_KERNEL_1_P_50_SUB_00018_
                0x00002020        0x8 zephyr/drivers/serial/libdrivers__serial.a(uart_stellaris.c.obj)
 .z_init_PRE_KERNEL_1_P_50_SUB_00019_
                0x00002028        0x8 zephyr/drivers/serial/libdrivers__serial.a(uart_stellaris.c.obj)
 .z_init_PRE_KERNEL_1_P_50_SUB_00022_
                0x00002030        0x8 zephyr/drivers/serial/libdrivers__serial.a(uart_stellaris.c.obj)
 .z_init_PRE_KERNEL_1_P_50_SUB_0_
                0x00002038        0x8 zephyr/soc/soc/ti_lm3s6965/libsoc__ti__lm3s6965.a(soc_config.c.obj)
 .z_init_PRE_KERNEL_1_P_60_SUB_0_
                0x00002040        0x8 zephyr/drivers/console/libdrivers__console.a(uart_console.c.obj)
 *(SORT_BY_NAME(SORT_BY_ALIGNMENT(.z_init_PRE_KERNEL_1_P_???_*)))
                0x00002048                        __init_PRE_KERNEL_2_start = .
 *(SORT_BY_NAME(SORT_BY_ALIGNMENT(.z_init_PRE_KERNEL_2_P_?_*)))
 .z_init_PRE_KERNEL_2_P_0_SUB_0_
                0x00002048        0x8 zephyr/drivers/timer/libdrivers__timer.a(cortex_m_systick.c.obj)
 *(SORT_BY_NAME(SORT_BY_ALIGNMENT(.z_init_PRE_KERNEL_2_P_??_*)))
 *(SORT_BY_NAME(SORT_BY_ALIGNMENT(.z_init_PRE_KERNEL_2_P_???_*)))
                0x00002050                        __init_POST_KERNEL_start = .
 *(SORT_BY_NAME(SORT_BY_ALIGNMENT(.z_init_POST_KERNEL_P_?_*)))
 *(SORT_BY_NAME(SORT_BY_ALIGNMENT(.z_init_POST_KERNEL_P_??_*)))
 .z_init_POST_KERNEL_P_35_SUB_0_
                0x00002050        0x8 zephyr/lib/libc/common/liblib__libc__common.a(malloc.c.obj)
 *(SORT_BY_NAME(SORT_BY_ALIGNMENT(.z_init_POST_KERNEL_P_???_*)))
                0x00002058                        __init_APPLICATION_start = .
 *(SORT_BY_NAME(SORT_BY_ALIGNMENT(.z_init_APPLICATION_P_?_*)))
 .z_init_APPLICATION_P_0_SUB_0_
                0x00002058        0x8 zephyr/libzephyr.a(boot_banner.c.obj)
 *(SORT_BY_NAME(SORT_BY_ALIGNMENT(.z_init_APPLICATION_P_??_*)))
 *(SORT_BY_NAME(SORT_BY_ALIGNMENT(.z_init_APPLICATION_P_???_*)))
                0x00002060                        __init_SMP_start = .
 *(SORT_BY_NAME(SORT_BY_ALIGNMENT(.z_init_SMP_P_?_*)))
 *(SORT_BY_NAME(SORT_BY_ALIGNMENT(.z_init_SMP_P_??_*)))
 *(SORT_BY_NAME(SORT_BY_ALIGNMENT(.z_init_SMP_P_???_*)))
                0x00002060                        __init_end = .

device_area     0x00002060       0x54
                0x00002060                        _device_list_start = .
 *(SORT_BY_NAME(SORT_BY_ALIGNMENT(._device.static.*_?_*)))
 *(SORT_BY_NAME(SORT_BY_ALIGNMENT(._device.static.*_??_*)))
 ._device.static.1_50_
                0x00002060       0x54 zephyr/drivers/serial/libdrivers__serial.a(uart_stellaris.c.obj)
                0x00002060                __device_dts_ord_22
                0x0000207c                __device_dts_ord_19
                0x00002098                __device_dts_ord_18
 *(SORT_BY_NAME(SORT_BY_ALIGNMENT(._device.static.*_???_*)))
 *(SORT_BY_NAME(SORT_BY_ALIGNMENT(._device.static.*_????_*)))
 *(SORT_BY_NAME(SORT_BY_ALIGNMENT(._device.static.*_?????_*)))
                0x000020b4                        _device_list_end = .

sw_isr_table    0x000020b4      0x158
                0x000020b4                        . = ALIGN (0x4)
 *(SORT_BY_ALIGNMENT(.gnu.linkonce.sw_isr_table*))
 .gnu.linkonce.sw_isr_table
                0x000020b4      0x158 zephyr/CMakeFiles/zephyr_final.dir/isr_tables.c.obj
                0x000020b4                _sw_isr_table

initlevel_error
 *(SORT_BY_NAME(SORT_BY_ALIGNMENT(.z_init_*)))
                0x00000001                        ASSERT ((SIZEOF (initlevel_error) == 0x0), Undefined initialization levels used.)

app_shmem_regions
                0x0000220c        0x0
                0x0000220c                        __app_shmem_regions_start = .
 *(SORT_BY_NAME(SORT_BY_ALIGNMENT(.app_regions.*)))
                0x0000220c                        __app_shmem_regions_end = .

k_p4wq_initparam_area
                0x0000220c        0x0
                0x0000220c                        _k_p4wq_initparam_list_start = .
 *(SORT_BY_NAME(SORT_BY_ALIGNMENT(._k_p4wq_initparam.static.*)))
                0x0000220c                        _k_p4wq_initparam_list_end = .

_static_thread_data_area
                0x0000220c        0x0
                0x0000220c                        __static_thread_data_list_start = .
 *(SORT_BY_NAME(SORT_BY_ALIGNMENT(.__static_thread_data.static.*)))
                0x0000220c                        __static_thread_data_list_end = .

device_deps     0x0000220c        0x0
                0x0000220c                        __device_deps_start = .
 *(SORT_BY_NAME(SORT_BY_ALIGNMENT(.__device_deps_pass2*)))
                0x0000220c                        __device_deps_end = .

device_api_area
                0x0000220c       0x14
                0x0000220c                        _shared_irq_driver_api_list_start = .
 *(SORT_BY_NAME(SORT_BY_ALIGNMENT(._shared_irq_driver_api.static.*)))
                0x0000220c                        _shared_irq_driver_api_list_end = .
                0x0000220c                        _shared_irq_driver_api_ext_end = .
                0x0000220c                        _dmic_driver_api_list_start = .
 *(SORT_BY_NAME(SORT_BY_ALIGNMENT(._dmic_driver_api.static.*)))
                0x0000220c                        _dmic_driver_api_list_end = .
                0x0000220c                        _dmic_driver_api_ext_end = .
                0x0000220c                        _crypto_driver_api_list_start = .
 *(SORT_BY_NAME(SORT_BY_ALIGNMENT(._crypto_driver_api.static.*)))
                0x0000220c                        _crypto_driver_api_list_end = .
                0x0000220c                        _crypto_driver_api_ext_end = .
                0x0000220c                        _adc_driver_api_list_start = .
 *(SORT_BY_NAME(SORT_BY_ALIGNMENT(._adc_driver_api.static.*)))
                0x0000220c                        _adc_driver_api_list_end = .
                0x0000220c                        _adc_driver_api_ext_end = .
                0x0000220c                        _auxdisplay_driver_api_list_start = .
 *(SORT_BY_NAME(SORT_BY_ALIGNMENT(._auxdisplay_driver_api.static.*)))
                0x0000220c                        _auxdisplay_driver_api_list_end = .
                0x0000220c                        _auxdisplay_driver_api_ext_end = .
                0x0000220c                        _bbram_driver_api_list_start = .
 *(SORT_BY_NAME(SORT_BY_ALIGNMENT(._bbram_driver_api.static.*)))
                0x0000220c                        _bbram_driver_api_list_end = .
                0x0000220c                        _bbram_driver_api_ext_end = .
                0x0000220c                        _biometric_driver_api_list_start = .
 *(SORT_BY_NAME(SORT_BY_ALIGNMENT(._biometric_driver_api.static.*)))
                0x0000220c                        _biometric_driver_api_list_end = .
                0x0000220c                        _biometric_driver_api_ext_end = .
                0x0000220c                        _bt_hci_driver_api_list_start = .
 *(SORT_BY_NAME(SORT_BY_ALIGNMENT(._bt_hci_driver_api.static.*)))
                0x0000220c                        _bt_hci_driver_api_list_end = .
                0x0000220c                        _bt_hci_driver_api_ext_end = .
                0x0000220c                        _can_driver_api_list_start = .
 *(SORT_BY_NAME(SORT_BY_ALIGNMENT(._can_driver_api.static.*)))
                0x0000220c                        _can_driver_api_list_end = .
                0x0000220c                        _can_driver_api_ext_end = .
                0x0000220c                        _cellular_driver_api_list_start = .
 *(SORT_BY_NAME(SORT_BY_ALIGNMENT(._cellular_driver_api.static.*)))
                0x0000220c                        _cellular_driver_api_list_end = .
                0x0000220c                        _cellular_driver_api_ext_end = .
                0x0000220c                        _charger_driver_api_list_start = .
 *(SORT_BY_NAME(SORT_BY_ALIGNMENT(._charger_driver_api.static.*)))
                0x0000220c                        _charger_driver_api_list_end = .
                0x0000220c                        _charger_driver_api_ext_end = .
                0x0000220c                        _clock_control_driver_api_list_start = .
 *(SORT_BY_NAME(SORT_BY_ALIGNMENT(._clock_control_driver_api.static.*)))
                0x0000220c                        _clock_control_driver_api_list_end = .
                0x0000220c                        _nrf_clock_control_driver_api_list_start = .
 *(SORT_BY_NAME(SORT_BY_ALIGNMENT(._nrf_clock_control_driver_api.static.*)))
                0x0000220c                        _nrf_clock_control_driver_api_list_end = .
                0x0000220c                        _nrf_clock_control_driver_api_ext_end = .
                0x0000220c                        _clock_control_driver_api_ext_end = .
                0x0000220c                        _comparator_driver_api_list_start = .
 *(SORT_BY_NAME(SORT_BY_ALIGNMENT(._comparator_driver_api.static.*)))
                0x0000220c                        _comparator_driver_api_list_end = .
                0x0000220c                        _comparator_driver_api_ext_end = .
                0x0000220c                        _coredump_driver_api_list_start = .
 *(SORT_BY_NAME(SORT_BY_ALIGNMENT(._coredump_driver_api.static.*)))
                0x0000220c                        _coredump_driver_api_list_end = .
                0x0000220c                        _coredump_driver_api_ext_end = .
                0x0000220c                        _counter_driver_api_list_start = .
 *(SORT_BY_NAME(SORT_BY_ALIGNMENT(._counter_driver_api.static.*)))
                0x0000220c                        _counter_driver_api_list_end = .
                0x0000220c                        _counter_driver_api_ext_end = .
                0x0000220c                        _crc_driver_api_list_start = .
 *(SORT_BY_NAME(SORT_BY_ALIGNMENT(._crc_driver_api.static.*)))
                0x0000220c                        _crc_driver_api_list_end = .
                0x0000220c                        _crc_driver_api_ext_end = .
                0x0000220c                        _dac_driver_api_list_start = .
 *(SORT_BY_NAME(SORT_BY_ALIGNMENT(._dac_driver_api.static.*)))
                0x0000220c                        _dac_driver_api_list_end = .
                0x0000220c                        _dac_driver_api_ext_end = .
                0x0000220c                        _dai_driver_api_list_start = .
 *(SORT_BY_NAME(SORT_BY_ALIGNMENT(._dai_driver_api.static.*)))
                0x0000220c                        _dai_driver_api_list_end = .
                0x0000220c                        _dai_driver_api_ext_end = .
                0x0000220c                        _display_driver_api_list_start = .
 *(SORT_BY_NAME(SORT_BY_ALIGNMENT(._display_driver_api.static.*)))
                0x0000220c                        _display_driver_api_list_end = .
                0x0000220c                        _display_driver_api_ext_end = .
                0x0000220c                        _dma_driver_api_list_start = .
 *(SORT_BY_NAME(SORT_BY_ALIGNMENT(._dma_driver_api.static.*)))
                0x0000220c                        _dma_driver_api_list_end = .
                0x0000220c                        _dma_driver_api_ext_end = .
                0x0000220c                        _edac_driver_api_list_start = .
 *(SORT_BY_NAME(SORT_BY_ALIGNMENT(._edac_driver_api.static.*)))
                0x0000220c                        _edac_driver_api_list_end = .
                0x0000220c                        _edac_driver_api_ext_end = .
                0x0000220c                        _eeprom_driver_api_list_start = .
 *(SORT_BY_NAME(SORT_BY_ALIGNMENT(._eeprom_driver_api.static.*)))
                0x0000220c                        _eeprom_driver_api_list_end = .
                0x0000220c                        _eeprom_driver_api_ext_end = .
                0x0000220c                        _emul_bbram_driver_api_list_start = .
 *(SORT_BY_NAME(SORT_BY_ALIGNMENT(._emul_bbram_driver_api.static.*)))
                0x0000220c                        _emul_bbram_driver_api_list_end = .
                0x0000220c                        _emul_bbram_driver_api_ext_end = .
                0x0000220c                        _fuel_gauge_emul_driver_api_list_start = .
 *(SORT_BY_NAME(SORT_BY_ALIGNMENT(._fuel_gauge_emul_driver_api.static.*)))
                0x0000220c                        _fuel_gauge_emul_driver_api_list_end = .
                0x0000220c                        _fuel_gauge_emul_driver_api_ext_end = .
                0x0000220c                        _emul_sensor_driver_api_list_start = .
 *(SORT_BY_NAME(SORT_BY_ALIGNMENT(._emul_sensor_driver_api.static.*)))
                0x0000220c                        _emul_sensor_driver_api_list_end = .
                0x0000220c                        _emul_sensor_driver_api_ext_end = .
                0x0000220c                        _entropy_driver_api_list_start = .
 *(SORT_BY_NAME(SORT_BY_ALIGNMENT(._entropy_driver_api.static.*)))
                0x0000220c                        _entropy_driver_api_list_end = .
                0x0000220c                        _entropy_driver_api_ext_end = .
                0x0000220c                        _espi_driver_api_list_start = .
 *(SORT_BY_NAME(SORT_BY_ALIGNMENT(._espi_driver_api.static.*)))
                0x0000220c                        _espi_driver_api_list_end = .
                0x0000220c                        _espi_driver_api_ext_end = .
                0x0000220c                        _espi_saf_driver_api_list_start = .
 *(SORT_BY_NAME(SORT_BY_ALIGNMENT(._espi_saf_driver_api.static.*)))
                0x0000220c                        _espi_saf_driver_api_list_end = .
                0x0000220c                        _espi_saf_driver_api_ext_end = .
                0x0000220c                        _flash_driver_api_list_start = .
 *(SORT_BY_NAME(SORT_BY_ALIGNMENT(._flash_driver_api.static.*)))
                0x0000220c                        _flash_driver_api_list_end = .
                0x0000220c                        _flash_driver_api_ext_end = .
                0x0000220c                        _fpga_driver_api_list_start = .
 *(SORT_BY_NAME(SORT_BY_ALIGNMENT(._fpga_driver_api.static.*)))
                0x0000220c                        _fpga_driver_api_list_end = .
                0x0000220c                        _fpga_driver_api_ext_end = .
                0x0000220c                        _fuel_gauge_driver_api_list_start = .
 *(SORT_BY_NAME(SORT_BY_ALIGNMENT(._fuel_gauge_driver_api.static.*)))
                0x0000220c                        _fuel_gauge_driver_api_list_end = .
                0x0000220c                        _fuel_gauge_driver_api_ext_end = .
                0x0000220c                        _gnss_driver_api_list_start = .
 *(SORT_BY_NAME(SORT_BY_ALIGNMENT(._gnss_driver_api.static.*)))
                0x0000220c                        _gnss_driver_api_list_end = .
                0x0000220c                        _gnss_driver_api_ext_end = .
                0x0000220c                        _gpio_driver_api_list_start = .
 *(SORT_BY_NAME(SORT_BY_ALIGNMENT(._gpio_driver_api.static.*)))
                0x0000220c                        _gpio_driver_api_list_end = .
                0x0000220c                        _gpio_driver_api_ext_end = .
                0x0000220c                        _haptics_driver_api_list_start = .
 *(SORT_BY_NAME(SORT_BY_ALIGNMENT(._haptics_driver_api.static.*)))
                0x0000220c                        _haptics_driver_api_list_end = .
                0x0000220c                        _haptics_driver_api_ext_end = .
                0x0000220c                        _hwspinlock_driver_api_list_start = .
 *(SORT_BY_NAME(SORT_BY_ALIGNMENT(._hwspinlock_driver_api.static.*)))
                0x0000220c                        _hwspinlock_driver_api_list_end = .
                0x0000220c                        _hwspinlock_driver_api_ext_end = .
                0x0000220c                        _i2c_driver_api_list_start = .
 *(SORT_BY_NAME(SORT_BY_ALIGNMENT(._i2c_driver_api.static.*)))
                0x0000220c                        _i2c_driver_api_list_end = .
                0x0000220c                        _i3c_driver_api_list_start = .
 *(SORT_BY_NAME(SORT_BY_ALIGNMENT(._i3c_driver_api.static.*)))
                0x0000220c                        _i3c_driver_api_list_end = .
                0x0000220c                        _i3c_driver_api_ext_end = .
                0x0000220c                        _i2c_driver_api_ext_end = .
                0x0000220c                        _i2c_target_driver_api_list_start = .
 *(SORT_BY_NAME(SORT_BY_ALIGNMENT(._i2c_target_driver_api.static.*)))
                0x0000220c                        _i2c_target_driver_api_list_end = .
                0x0000220c                        _i2c_target_driver_api_ext_end = .
                0x0000220c                        _i2s_driver_api_list_start = .
 *(SORT_BY_NAME(SORT_BY_ALIGNMENT(._i2s_driver_api.static.*)))
                0x0000220c                        _i2s_driver_api_list_end = .
                0x0000220c                        _i2s_driver_api_ext_end = .
                0x0000220c                        _ipm_driver_api_list_start = .
 *(SORT_BY_NAME(SORT_BY_ALIGNMENT(._ipm_driver_api.static.*)))
                0x0000220c                        _ipm_driver_api_list_end = .
                0x0000220c                        _ipm_driver_api_ext_end = .
                0x0000220c                        _led_driver_api_list_start = .
 *(SORT_BY_NAME(SORT_BY_ALIGNMENT(._led_driver_api.static.*)))
                0x0000220c                        _led_driver_api_list_end = .
                0x0000220c                        _led_driver_api_ext_end = .
                0x0000220c                        _led_strip_driver_api_list_start = .
 *(SORT_BY_NAME(SORT_BY_ALIGNMENT(._led_strip_driver_api.static.*)))
                0x0000220c                        _led_strip_driver_api_list_end = .
                0x0000220c                        _led_strip_driver_api_ext_end = .
                0x0000220c                        _lora_driver_api_list_start = .
 *(SORT_BY_NAME(SORT_BY_ALIGNMENT(._lora_driver_api.static.*)))
                0x0000220c                        _lora_driver_api_list_end = .
                0x0000220c                        _lora_driver_api_ext_end = .
                0x0000220c                        _mbox_driver_api_list_start = .
 *(SORT_BY_NAME(SORT_BY_ALIGNMENT(._mbox_driver_api.static.*)))
                0x0000220c                        _mbox_driver_api_list_end = .
                0x0000220c                        _mbox_driver_api_ext_end = .
                0x0000220c                        _mdio_driver_api_list_start = .
 *(SORT_BY_NAME(SORT_BY_ALIGNMENT(._mdio_driver_api.static.*)))
                0x0000220c                        _mdio_driver_api_list_end = .
                0x0000220c                        _mdio_driver_api_ext_end = .
                0x0000220c                        _mipi_dbi_driver_api_list_start = .
 *(SORT_BY_NAME(SORT_BY_ALIGNMENT(._mipi_dbi_driver_api.static.*)))
                0x0000220c                        _mipi_dbi_driver_api_list_end = .
                0x0000220c                        _mipi_dbi_driver_api_ext_end = .
                0x0000220c                        _mipi_dsi_driver_api_list_start = .
 *(SORT_BY_NAME(SORT_BY_ALIGNMENT(._mipi_dsi_driver_api.static.*)))
                0x0000220c                        _mipi_dsi_driver_api_list_end = .
                0x0000220c                        _mipi_dsi_driver_api_ext_end = .
                0x0000220c                        _mspi_driver_api_list_start = .
 *(SORT_BY_NAME(SORT_BY_ALIGNMENT(._mspi_driver_api.static.*)))
                0x0000220c                        _mspi_driver_api_list_end = .
                0x0000220c                        _mspi_driver_api_ext_end = .
                0x0000220c                        _opamp_driver_api_list_start = .
 *(SORT_BY_NAME(SORT_BY_ALIGNMENT(._opamp_driver_api.static.*)))
                0x0000220c                        _opamp_driver_api_list_end = .
                0x0000220c                        _opamp_driver_api_ext_end = .
                0x0000220c                        _otp_driver_api_list_start = .
 *(SORT_BY_NAME(SORT_BY_ALIGNMENT(._otp_driver_api.static.*)))
                0x0000220c                        _otp_driver_api_list_end = .
                0x0000220c                        _otp_driver_api_ext_end = .
                0x0000220c                        _peci_driver_api_list_start = .
 *(SORT_BY_NAME(SORT_BY_ALIGNMENT(._peci_driver_api.static.*)))
                0x0000220c                        _peci_driver_api_list_end = .
                0x0000220c                        _peci_driver_api_ext_end = .
                0x0000220c                        _ps2_driver_api_list_start = .
 *(SORT_BY_NAME(SORT_BY_ALIGNMENT(._ps2_driver_api.static.*)))
                0x0000220c                        _ps2_driver_api_list_end = .
                0x0000220c                        _ps2_driver_api_ext_end = .
                0x0000220c                        _ptp_clock_driver_api_list_start = .
 *(SORT_BY_NAME(SORT_BY_ALIGNMENT(._ptp_clock_driver_api.static.*)))
                0x0000220c                        _ptp_clock_driver_api_list_end = .
                0x0000220c                        _ptp_clock_driver_api_ext_end = .
                0x0000220c                        _pwm_driver_api_list_start = .
 *(SORT_BY_NAME(SORT_BY_ALIGNMENT(._pwm_driver_api.static.*)))
                0x0000220c                        _pwm_driver_api_list_end = .
                0x0000220c                        _pwm_driver_api_ext_end = .
                0x0000220c                        _regulator_parent_driver_api_list_start = .
 *(SORT_BY_NAME(SORT_BY_ALIGNMENT(._regulator_parent_driver_api.static.*)))
                0x0000220c                        _regulator_parent_driver_api_list_end = .
                0x0000220c                        _regulator_parent_driver_api_ext_end = .
                0x0000220c                        _regulator_driver_api_list_start = .
 *(SORT_BY_NAME(SORT_BY_ALIGNMENT(._regulator_driver_api.static.*)))
                0x0000220c                        _regulator_driver_api_list_end = .
                0x0000220c                        _regulator_driver_api_ext_end = .
                0x0000220c                        _reset_driver_api_list_start = .
 *(SORT_BY_NAME(SORT_BY_ALIGNMENT(._reset_driver_api.static.*)))
                0x0000220c                        _reset_driver_api_list_end = .
                0x0000220c                        _reset_driver_api_ext_end = .
                0x0000220c                        _retained_mem_driver_api_list_start = .
 *(SORT_BY_NAME(SORT_BY_ALIGNMENT(._retained_mem_driver_api.static.*)))
                0x0000220c                        _retained_mem_driver_api_list_end = .
                0x0000220c                        _retained_mem_driver_api_ext_end = .
                0x0000220c                        _rtc_driver_api_list_start = .
 *(SORT_BY_NAME(SORT_BY_ALIGNMENT(._rtc_driver_api.static.*)))
                0x0000220c                        _rtc_driver_api_list_end = .
                0x0000220c                        _rtc_driver_api_ext_end = .
                0x0000220c                        _sdhc_driver_api_list_start = .
 *(SORT_BY_NAME(SORT_BY_ALIGNMENT(._sdhc_driver_api.static.*)))
                0x0000220c                        _sdhc_driver_api_list_end = .
                0x0000220c                        _sdhc_driver_api_ext_end = .
                0x0000220c                        _sensor_driver_api_list_start = .
 *(SORT_BY_NAME(SORT_BY_ALIGNMENT(._sensor_driver_api.static.*)))
                0x0000220c                        _sensor_driver_api_list_end = .
                0x0000220c                        _sensor_driver_api_ext_end = .
                0x0000220c                        _smbus_driver_api_list_start = .
 *(SORT_BY_NAME(SORT_BY_ALIGNMENT(._smbus_driver_api.static.*)))
                0x0000220c                        _smbus_driver_api_list_end = .
                0x0000220c                        _smbus_driver_api_ext_end = .
                0x0000220c                        _spi_driver_api_list_start = .
 *(SORT_BY_NAME(SORT_BY_ALIGNMENT(._spi_driver_api.static.*)))
                0x0000220c                        _spi_driver_api_list_end = .
                0x0000220c                        _spi_driver_api_ext_end = .
                0x0000220c                        _syscon_driver_api_list_start = .
 *(SORT_BY_NAME(SORT_BY_ALIGNMENT(._syscon_driver_api.static.*)))
                0x0000220c                        _syscon_driver_api_list_end = .
                0x0000220c                        _syscon_driver_api_ext_end = .
                0x0000220c                        _tee_driver_api_list_start = .
 *(SORT_BY_NAME(SORT_BY_ALIGNMENT(._tee_driver_api.static.*)))
                0x0000220c                        _tee_driver_api_list_end = .
                0x0000220c                        _tee_driver_api_ext_end = .
                0x0000220c                        _tgpio_driver_api_list_start = .
 *(SORT_BY_NAME(SORT_BY_ALIGNMENT(._tgpio_driver_api.static.*)))
                0x0000220c                        _tgpio_driver_api_list_end = .
                0x0000220c                        _tgpio_driver_api_ext_end = .
                0x0000220c                        _uaol_driver_api_list_start = .
 *(SORT_BY_NAME(SORT_BY_ALIGNMENT(._uaol_driver_api.static.*)))
                0x0000220c                        _uaol_driver_api_list_end = .
                0x0000220c                        _uaol_driver_api_ext_end = .
                0x0000220c                        _video_driver_api_list_start = .
 *(SORT_BY_NAME(SORT_BY_ALIGNMENT(._video_driver_api.static.*)))
                0x0000220c                        _video_driver_api_list_end = .
                0x0000220c                        _video_driver_api_ext_end = .
                0x0000220c                        _virtio_driver_api_list_start = .
 *(SORT_BY_NAME(SORT_BY_ALIGNMENT(._virtio_driver_api.static.*)))
                0x0000220c                        _virtio_driver_api_list_end = .
                0x0000220c                        _virtio_driver_api_ext_end = .
                0x0000220c                        _w1_driver_api_list_start = .
 *(SORT_BY_NAME(SORT_BY_ALIGNMENT(._w1_driver_api.static.*)))
                0x0000220c                        _w1_driver_api_list_end = .
                0x0000220c                        _w1_driver_api_ext_end = .
                0x0000220c                        _wdt_driver_api_list_start = .
 *(SORT_BY_NAME(SORT_BY_ALIGNMENT(._wdt_driver_api.static.*)))
                0x0000220c                        _wdt_driver_api_list_end = .
                0x0000220c                        _wdt_driver_api_ext_end = .
                0x0000220c                        _wuc_driver_api_list_start = .
 *(SORT_BY_NAME(SORT_BY_ALIGNMENT(._wuc_driver_api.static.*)))
                0x0000220c                        _wuc_driver_api_list_end = .
                0x0000220c                        _wuc_driver_api_ext_end = .
                0x0000220c                        _can_transceiver_driver_api_list_start = .
 *(SORT_BY_NAME(SORT_BY_ALIGNMENT(._can_transceiver_driver_api.static.*)))
                0x0000220c                        _can_transceiver_driver_api_list_end = .
                0x0000220c                        _can_transceiver_driver_api_ext_end = .
                0x0000220c                        _i3c_target_driver_api_list_start = .
 *(SORT_BY_NAME(SORT_BY_ALIGNMENT(._i3c_target_driver_api.static.*)))
                0x0000220c                        _i3c_target_driver_api_list_end = .
                0x0000220c                        _i3c_target_driver_api_ext_end = .
                0x0000220c                        _its_driver_api_list_start = .
 *(SORT_BY_NAME(SORT_BY_ALIGNMENT(._its_driver_api.static.*)))
                0x0000220c                        _its_driver_api_list_end = .
                0x0000220c                        _its_driver_api_ext_end = .
                0x0000220c                        _vtd_driver_api_list_start = .
 *(SORT_BY_NAME(SORT_BY_ALIGNMENT(._vtd_driver_api.static.*)))
                0x0000220c                        _vtd_driver_api_list_end = .
                0x0000220c                        _vtd_driver_api_ext_end = .
                0x0000220c                        _renesas_elc_driver_api_list_start = .
 *(SORT_BY_NAME(SORT_BY_ALIGNMENT(._renesas_elc_driver_api.static.*)))
                0x0000220c                        _renesas_elc_driver_api_list_end = .
                0x0000220c                        _renesas_elc_driver_api_ext_end = .
                0x0000220c                        _pcie_ctrl_driver_api_list_start = .
 *(SORT_BY_NAME(SORT_BY_ALIGNMENT(._pcie_ctrl_driver_api.static.*)))
                0x0000220c                        _pcie_ctrl_driver_api_list_end = .
                0x0000220c                        _pcie_ctrl_driver_api_ext_end = .
                0x0000220c                        _pcie_ep_driver_api_list_start = .
 *(SORT_BY_NAME(SORT_BY_ALIGNMENT(._pcie_ep_driver_api.static.*)))
                0x0000220c                        _pcie_ep_driver_api_list_end = .
                0x0000220c                        _pcie_ep_driver_api_ext_end = .
                0x0000220c                        _psi5_driver_api_list_start = .
 *(SORT_BY_NAME(SORT_BY_ALIGNMENT(._psi5_driver_api.static.*)))
                0x0000220c                        _psi5_driver_api_list_end = .
                0x0000220c                        _psi5_driver_api_ext_end = .
                0x0000220c                        _sent_driver_api_list_start = .
 *(SORT_BY_NAME(SORT_BY_ALIGNMENT(._sent_driver_api.static.*)))
                0x0000220c                        _sent_driver_api_list_end = .
                0x0000220c                        _sent_driver_api_ext_end = .
                0x0000220c                        _svc_driver_api_list_start = .
 *(SORT_BY_NAME(SORT_BY_ALIGNMENT(._svc_driver_api.static.*)))
                0x0000220c                        _svc_driver_api_list_end = .
                0x0000220c                        _svc_driver_api_ext_end = .
                0x0000220c                        _stepper_driver_api_list_start = .
 *(SORT_BY_NAME(SORT_BY_ALIGNMENT(._stepper_driver_api.static.*)))
                0x0000220c                        _stepper_driver_api_list_end = .
                0x0000220c                        _stepper_driver_api_ext_end = .
                0x0000220c                        _stepper_ctrl_driver_api_list_start = .
 *(SORT_BY_NAME(SORT_BY_ALIGNMENT(._stepper_ctrl_driver_api.static.*)))
                0x0000220c                        _stepper_ctrl_driver_api_list_end = .
                0x0000220c                        _stepper_ctrl_driver_api_ext_end = .
                0x0000220c                        _uart_driver_api_list_start = .
 *(SORT_BY_NAME(SORT_BY_ALIGNMENT(._uart_driver_api.static.*)))
 ._uart_driver_api.static.uart_stellaris_driver_api_
                0x0000220c       0x14 zephyr/drivers/serial/libdrivers__serial.a(uart_stellaris.c.obj)
                0x00002220                        _uart_driver_api_list_end = .
                0x00002220                        _uart_driver_api_ext_end = .
                0x00002220                        _bc12_emul_driver_api_list_start = .
 *(SORT_BY_NAME(SORT_BY_ALIGNMENT(._bc12_emul_driver_api.static.*)))
                0x00002220                        _bc12_emul_driver_api_list_end = .
                0x00002220                        _bc12_emul_driver_api_ext_end = .
                0x00002220                        _bc12_driver_api_list_start = .
 *(SORT_BY_NAME(SORT_BY_ALIGNMENT(._bc12_driver_api.static.*)))
                0x00002220                        _bc12_driver_api_list_end = .
                0x00002220                        _bc12_driver_api_ext_end = .
                0x00002220                        _usbc_ppc_driver_api_list_start = .
 *(SORT_BY_NAME(SORT_BY_ALIGNMENT(._usbc_ppc_driver_api.static.*)))
                0x00002220                        _usbc_ppc_driver_api_list_end = .
                0x00002220                        _usbc_ppc_driver_api_ext_end = .
                0x00002220                        _tcpc_driver_api_list_start = .
 *(SORT_BY_NAME(SORT_BY_ALIGNMENT(._tcpc_driver_api.static.*)))
                0x00002220                        _tcpc_driver_api_list_end = .
                0x00002220                        _tcpc_driver_api_ext_end = .
                0x00002220                        _usbc_vbus_driver_api_list_start = .
 *(SORT_BY_NAME(SORT_BY_ALIGNMENT(._usbc_vbus_driver_api.static.*)))
                0x00002220                        _usbc_vbus_driver_api_list_end = .
                0x00002220                        _usbc_vbus_driver_api_ext_end = .
                0x00002220                        _ivshmem_driver_api_list_start = .
 *(SORT_BY_NAME(SORT_BY_ALIGNMENT(._ivshmem_driver_api.static.*)))
                0x00002220                        _ivshmem_driver_api_list_end = .
                0x00002220                        _ivshmem_driver_api_ext_end = .
                0x00002220                        _ethphy_driver_api_list_start = .
 *(SORT_BY_NAME(SORT_BY_ALIGNMENT(._ethphy_driver_api.static.*)))
                0x00002220                        _ethphy_driver_api_list_end = .
                0x00002220                        _ethphy_driver_api_ext_end = .

ztest           0x00002220        0x0
                0x00002220                        _ztest_expected_result_entry_list_start = .
 *(SORT_BY_NAME(SORT_BY_ALIGNMENT(._ztest_expected_result_entry.static.*)))
                0x00002220                        _ztest_expected_result_entry_list_end = .
                0x00002220                        _ztest_suite_node_list_start = .
 *(SORT_BY_NAME(SORT_BY_ALIGNMENT(._ztest_suite_node.static.*)))
                0x00002220                        _ztest_suite_node_list_end = .
                0x00002220                        _ztest_unit_test_list_start = .
 *(SORT_BY_NAME(SORT_BY_ALIGNMENT(._ztest_unit_test.static.*)))
                0x00002220                        _ztest_unit_test_list_end = .
                0x00002220                        _ztest_test_rule_list_start = .
 *(SORT_BY_NAME(SORT_BY_ALIGNMENT(._ztest_test_rule.static.*)))
                0x00002220                        _ztest_test_rule_list_end = .

init_array      0x00002220        0x0
                0x00002220                        __zephyr_init_array_start = .
 *(SORT_BY_INIT_PRIORITY(.init_array.*) SORT_BY_INIT_PRIORITY(.ctors.*))
 *(SORT_BY_ALIGNMENT(.init_array) SORT_BY_ALIGNMENT(.ctors))
                0x00002220                        __zephyr_init_array_end = .
                0x00000001                        ASSERT ((__zephyr_init_array_start == __zephyr_init_array_end), GNU-style constructors required but STATIC_INIT_GNU not enabled)

bt_l2cap_fixed_chan_area
                0x00002220        0x0
                0x00002220                        _bt_l2cap_fixed_chan_list_start = .
 *(SORT_BY_NAME(SORT_BY_ALIGNMENT(._bt_l2cap_fixed_chan.static.*)))
                0x00002220                        _bt_l2cap_fixed_chan_list_end = .

bt_gatt_service_static_area
                0x00002220        0x0
                0x00002220                        _bt_gatt_service_static_list_start = .
 *(SORT_BY_NAME(SORT_BY_ALIGNMENT(._bt_gatt_service_static.static.*)))
                0x00002220                        _bt_gatt_service_static_list_end = .

log_strings_area
                0x00002220        0x0
                0x00002220                        _log_strings_list_start = .
 *(SORT_BY_NAME(SORT_BY_ALIGNMENT(._log_strings.static.*)))
                0x00002220                        _log_strings_list_end = .

log_stmesp_ptr_area
                0x00002220        0x0
                0x00002220                        _log_stmesp_ptr_list_start = .
 *(SORT_BY_NAME(SORT_BY_ALIGNMENT(._log_stmesp_ptr.static.*)))
                0x00002220                        _log_stmesp_ptr_list_end = .

log_stmesp_str_area
                0x00002220        0x0
                0x00002220                        _log_stmesp_str_list_start = .
 *(SORT_BY_NAME(SORT_BY_ALIGNMENT(._log_stmesp_str.static.*)))
                0x00002220                        _log_stmesp_str_list_end = .

log_const_area  0x00002220        0x0
                0x00002220                        _log_const_list_start = .
 *(SORT_BY_NAME(SORT_BY_ALIGNMENT(._log_const.static.*)))
                0x00002220                        _log_const_list_end = .

log_backend_area
                0x00002220        0x0
                0x00002220                        _log_backend_list_start = .
 *(SORT_BY_NAME(SORT_BY_ALIGNMENT(._log_backend.static.*)))
                0x00002220                        _log_backend_list_end = .

log_link_area   0x00002220        0x0
                0x00002220                        _log_link_list_start = .
 *(SORT_BY_NAME(SORT_BY_ALIGNMENT(._log_link.static.*)))
                0x00002220                        _log_link_list_end = .

tracing_backend_area
                0x00002220        0x0
                0x00002220                        _tracing_backend_list_start = .
 *(SORT_BY_NAME(SORT_BY_ALIGNMENT(._tracing_backend.static.*)))
                0x00002220                        _tracing_backend_list_end = .

zephyr_dbg_info
 *(SORT_BY_ALIGNMENT(.dbg_thread_info))

intc_table_area
                0x00002220        0x0
                0x00002220                        _intc_table_list_start = .
 *(SORT_BY_NAME(SORT_BY_ALIGNMENT(._intc_table.static.*)))
                0x00002220                        _intc_table_list_end = .

symbol_to_keep  0x00002220        0x0
                0x00002220                        __symbol_to_keep_start = .
 *(SORT_BY_NAME(SORT_BY_ALIGNMENT(.symbol_to_keep*)))
                0x00002220                        __symbol_to_keep_end = .

shell_area      0x00002220        0x0
                0x00002220                        _shell_list_start = .
 *(SORT_BY_NAME(SORT_BY_ALIGNMENT(._shell.static.*)))
                0x00002220                        _shell_list_end = .

shell_root_cmds_area
                0x00002220        0x0
                0x00002220                        _shell_root_cmds_list_start = .
 *(SORT_BY_NAME(SORT_BY_ALIGNMENT(._shell_root_cmds.static.*)))
                0x00002220                        _shell_root_cmds_list_end = .

shell_subcmds_area
                0x00002220        0x0
                0x00002220                        _shell_subcmds_list_start = .
 *(SORT_BY_NAME(SORT_BY_ALIGNMENT(._shell_subcmds.static.*)))
                0x00002220                        _shell_subcmds_list_end = .

shell_dynamic_subcmds_area
                0x00002220        0x0
                0x00002220                        _shell_dynamic_subcmds_list_start = .
 *(SORT_BY_NAME(SORT_BY_ALIGNMENT(._shell_dynamic_subcmds.static.*)))
                0x00002220                        _shell_dynamic_subcmds_list_end = .

shell_remote_area
                0x00002220        0x0
                0x00002220                        _shell_remote_list_start = .
 *(SORT_BY_NAME(SORT_BY_ALIGNMENT(._shell_remote.static.*)))
                0x00002220                        _shell_remote_list_end = .

cfb_font_area   0x00002220        0x0
                0x00002220                        _cfb_font_list_start = .
 *(SORT_BY_NAME(SORT_BY_ALIGNMENT(._cfb_font.static.*)))
                0x00002220                        _cfb_font_list_end = .

tdata           0x00002220        0x0
 *(SORT_BY_ALIGNMENT(.tdata) SORT_BY_ALIGNMENT(.tdata.*) SORT_BY_ALIGNMENT(.gnu.linkonce.td.*))

tbss            0x00002220        0x4
 *(SORT_BY_ALIGNMENT(.tbss) SORT_BY_ALIGNMENT(.tbss.*) SORT_BY_ALIGNMENT(.gnu.linkonce.tb.*) SORT_BY_ALIGNMENT(.tcommon))
 .tbss.z_tls_current
                0x00002220        0x4 zephyr/libzephyr.a(thread_entry.c.obj)
                0x00002220                z_tls_current
                0x00002220                        PROVIDE (__tdata_start = LOADADDR (tdata))
                0x00000001                        PROVIDE (__tdata_align = ALIGNOF (tdata))
                0x00000000                        PROVIDE (__tdata_size = (((SIZEOF (tdata) + __tdata_align) - 0x1) & ~ ((__tdata_align - 0x1))))
                [!provide]                        PROVIDE (__tdata_end = (__tdata_start + __tdata_size))
                0x00000004                        PROVIDE (__tbss_align = ALIGNOF (tbss))
                [!provide]                        PROVIDE (__tbss_start = ADDR (tbss))
                0x00000004                        PROVIDE (__tbss_size = (((SIZEOF (tbss) + __tbss_align) - 0x1) & ~ ((__tbss_align - 0x1))))
                [!provide]                        PROVIDE (__tbss_end = (__tbss_start + __tbss_size))
                [!provide]                        PROVIDE (__tls_start = __tdata_start)
                [!provide]                        PROVIDE (__tls_end = __tbss_end)
                [!provide]                        PROVIDE (__tls_size = (__tbss_end - __tdata_start))

rodata          0x00002220      0x490
 *(SORT_BY_ALIGNMENT(.rodata))
 *(SORT_BY_ALIGNMENT(.rodata.*))
 .rodata.uart_stellaris_dev_cfg_2
                0x00002220        0x8 zephyr/drivers/serial/libdrivers__serial.a(uart_stellaris.c.obj)
 .rodata.uart_stellaris_dev_cfg_0
                0x00002228        0x8 zephyr/drivers/serial/libdrivers__serial.a(uart_stellaris.c.obj)
 .rodata.levels.0
                0x00002230       0x18 zephyr/kernel/libkernel.a(init.c.obj)
 .rodata.main.str1.1
                0x00002248      0x466 app/libapp.a(main.c.obj)
                                 0x10 (size before relaxing)
 .rodata.boot_banner.str1.1
                0x000026ae       0x3b zephyr/libzephyr.a(boot_banner.c.obj)
 .rodata.z_arm_fatal_error.str1.1
                0x000026ae       0xb3 zephyr/arch/arch/arm/core/libarch__arm__core.a(fatal.c.obj)
 .rodata.usage_fault.isra.0.str1.1
                0x000026ae       0xd4 zephyr/arch/arch/arm/core/cortex_m/libarch__arm__core__cortex_m.a(fault.c.obj)
 .rodata.bus_fault.isra.0.str1.1
                0x000026ae       0xa2 zephyr/arch/arch/arm/core/cortex_m/libarch__arm__core__cortex_m.a(fault.c.obj)
 .rodata.mem_manage_fault.isra.0.str1.1
                0x000026ae       0x9b zephyr/arch/arch/arm/core/cortex_m/libarch__arm__core__cortex_m.a(fault.c.obj)
 .rodata.z_arm_fault.str1.1
                0x000026ae      0x119 zephyr/arch/arch/arm/core/cortex_m/libarch__arm__core__cortex_m.a(fault.c.obj)
 .rodata.str1.1
                0x000026ae       0x2a zephyr/drivers/serial/libdrivers__serial.a(uart_stellaris.c.obj)
 .rodata.z_cstart.str1.1
                0x000026ae        0x5 zephyr/kernel/libkernel.a(init.c.obj)
 .rodata.__l_vfprintf.str1.1
                0x000026ae        0xf /home/thule/zephyr-sdk-1.0.1/gnu/arm-zephyr-eabi/bin/../lib/gcc/arm-zephyr-eabi/14.3.0/../../../../arm-zephyr-eabi/lib/thumb/v7-m/nofp/space/libc.a(libc_tinystdio_vflprintf.c.o)
 *(SORT_BY_ALIGNMENT(.gnu.linkonce.r.*))
                0x000027c8                        . = ALIGN (0x4)
 *fill*         0x000026ae        0x2 
                [!provide]                        PROVIDE (__eh_frame_start = 0x0)
                [!provide]                        PROVIDE (__eh_frame_end = 0x0)
                [!provide]                        PROVIDE (__eh_frame_hdr_start = 0x0)
                [!provide]                        PROVIDE (__eh_frame_hdr_end = 0x0)

/DISCARD/
 *(SORT_BY_ALIGNMENT(.eh_frame))
                0x000026b0                        __rodata_region_end = .
                0x000026b0                        . = ALIGN (_region_min_align)
                0x000026b0                        __rom_region_end = ((__rom_region_start + .) - ADDR (rom_start))
                0x000026b0                        __rom_region_size = (__rom_region_end - __rom_region_start)

/DISCARD/
 *(SORT_BY_ALIGNMENT(.got.plt))
 *(SORT_BY_ALIGNMENT(.igot.plt))
 *(SORT_BY_ALIGNMENT(.got))
 *(SORT_BY_ALIGNMENT(.igot))
                0x20000000                        . = 0x20000000
                0x20000000                        . = ALIGN (_region_min_align)
                0x20000000                        _image_ram_start = .

.ramfunc        0x20000000        0x0 load address 0x000026b0
                0x20000000                        __ramfunc_region_start = .
                0x20000000                        . = ALIGN (_region_min_align)
                0x20000000                        __ramfunc_start = .
 *(SORT_BY_ALIGNMENT(.ramfunc))
 *(SORT_BY_ALIGNMENT(.ramfunc.*))
                0x20000000                        . = ALIGN (_region_min_align)
                0x20000000                        __ramfunc_end = .
                0x00000000                        __ramfunc_size = (__ramfunc_end - __ramfunc_start)
                0x000026b0                        __ramfunc_load_start = LOADADDR (.ramfunc)

datas           0x20000000       0x34 load address 0x000026b0
                0x20000000                        __data_region_start = .
                0x20000000                        __data_start = .
 *(SORT_BY_ALIGNMENT(.data))
 *(SORT_BY_ALIGNMENT(.data.*))
 .data._char_out
                0x20000000        0x4 zephyr/libzephyr.a(printk.c.obj)
 .data.__stdout
                0x20000004       0x10 zephyr/lib/libc/picolibc/liblib__libc__picolibc.a(stdio.c.obj)
 .data.uart_stellaris_dev_data_2
                0x20000014        0x4 zephyr/drivers/serial/libdrivers__serial.a(uart_stellaris.c.obj)
 .data.uart_stellaris_dev_data_1
                0x20000018        0x4 zephyr/drivers/serial/libdrivers__serial.a(uart_stellaris.c.obj)
 .data.uart_stellaris_dev_cfg_1
                0x2000001c        0x8 zephyr/drivers/serial/libdrivers__serial.a(uart_stellaris.c.obj)
 .data.uart_stellaris_dev_data_0
                0x20000024        0x4 zephyr/drivers/serial/libdrivers__serial.a(uart_stellaris.c.obj)
 .data.slice_ticks
                0x20000028        0x4 zephyr/kernel/libkernel.a(timeslicing.c.obj)
 .data.timeout_list
                0x2000002c        0x8 zephyr/kernel/libkernel.a(timeout.c.obj)
 *(SORT_BY_ALIGNMENT(.kernel.*))
                0x20000034                        __data_end = .
                0x00000034                        __data_size = (__data_end - __data_start)
                0x000026b0                        __data_load_start = LOADADDR (datas)
                0x000026b0                        __data_region_load_start = LOADADDR (datas)

device_states   0x20000034        0x8 load address 0x000026e4
                0x20000034                        . = ALIGN (0x4)
                0x20000034                        __device_states_start = .
 *(SORT_BY_ALIGNMENT(.z_devstate))
 .z_devstate    0x20000034        0x6 zephyr/drivers/serial/libdrivers__serial.a(uart_stellaris.c.obj)
 *(SORT_BY_ALIGNMENT(.z_devstate.*))
                0x2000003a                        __device_states_end = .
                0x2000003c                        . = ALIGN (0x4)
 *fill*         0x2000003a        0x2 

log_mpsc_pbuf_area
                0x2000003c        0x0 load address 0x000026ec
                0x2000003c                        _log_mpsc_pbuf_list_start = .
 *(SORT_BY_NAME(SORT_BY_ALIGNMENT(._log_mpsc_pbuf.static.*)))
                0x2000003c                        _log_mpsc_pbuf_list_end = .

log_msg_ptr_area
                0x2000003c        0x0 load address 0x000026ec
                0x2000003c                        _log_msg_ptr_list_start = .
 *(SORT_BY_NAME(SORT_BY_ALIGNMENT(._log_msg_ptr.static.*)))
                0x2000003c                        _log_msg_ptr_list_end = .

log_dynamic_area
                0x2000003c        0x0 load address 0x000026ec
                0x2000003c                        _log_dynamic_list_start = .
 *(SORT_BY_NAME(SORT_BY_ALIGNMENT(._log_dynamic.static.*)))
                0x2000003c                        _log_dynamic_list_end = .

k_timer_area    0x2000003c        0x0 load address 0x000026ec
                0x2000003c                        _k_timer_list_start = .
 *(SORT_BY_NAME(SORT_BY_ALIGNMENT(._k_timer.static.*)))
                0x2000003c                        _k_timer_list_end = .

k_mem_slab_area
                0x2000003c        0x0 load address 0x000026ec
                0x2000003c                        _k_mem_slab_list_start = .
 *(SORT_BY_NAME(SORT_BY_ALIGNMENT(._k_mem_slab.static.*)))
                0x2000003c                        _k_mem_slab_list_end = .

k_heap_area     0x2000003c        0x0 load address 0x000026ec
                0x2000003c                        _k_heap_list_start = .
 *(SORT_BY_NAME(SORT_BY_ALIGNMENT(._k_heap.static.*)))
                0x2000003c                        _k_heap_list_end = .

k_mutex_area    0x2000003c        0x0 load address 0x000026ec
                0x2000003c                        _k_mutex_list_start = .
 *(SORT_BY_NAME(SORT_BY_ALIGNMENT(._k_mutex.static.*)))
                0x2000003c                        _k_mutex_list_end = .

k_stack_area    0x2000003c        0x0 load address 0x000026ec
                0x2000003c                        _k_stack_list_start = .
 *(SORT_BY_NAME(SORT_BY_ALIGNMENT(._k_stack.static.*)))
                0x2000003c                        _k_stack_list_end = .

k_msgq_area     0x2000003c        0x0 load address 0x000026ec
                0x2000003c                        _k_msgq_list_start = .
 *(SORT_BY_NAME(SORT_BY_ALIGNMENT(._k_msgq.static.*)))
                0x2000003c                        _k_msgq_list_end = .

k_mbox_area     0x2000003c        0x0 load address 0x000026ec
                0x2000003c                        _k_mbox_list_start = .
 *(SORT_BY_NAME(SORT_BY_ALIGNMENT(._k_mbox.static.*)))
                0x2000003c                        _k_mbox_list_end = .

k_pipe_area     0x2000003c        0x0 load address 0x000026ec
                0x2000003c                        _k_pipe_list_start = .
 *(SORT_BY_NAME(SORT_BY_ALIGNMENT(._k_pipe.static.*)))
                0x2000003c                        _k_pipe_list_end = .

k_sem_area      0x2000003c        0x0 load address 0x000026ec
                0x2000003c                        _k_sem_list_start = .
 *(SORT_BY_NAME(SORT_BY_ALIGNMENT(._k_sem.static.*)))
                0x2000003c                        _k_sem_list_end = .

k_event_area    0x2000003c        0x0 load address 0x000026ec
                0x2000003c                        _k_event_list_start = .
 *(SORT_BY_NAME(SORT_BY_ALIGNMENT(._k_event.static.*)))
                0x2000003c                        _k_event_list_end = .

k_queue_area    0x2000003c        0x0 load address 0x000026ec
                0x2000003c                        _k_queue_list_start = .
 *(SORT_BY_NAME(SORT_BY_ALIGNMENT(._k_queue.static.*)))
                0x2000003c                        _k_queue_list_end = .

k_fifo_area     0x2000003c        0x0 load address 0x000026ec
                0x2000003c                        _k_fifo_list_start = .
 *(SORT_BY_NAME(SORT_BY_ALIGNMENT(._k_fifo.static.*)))
                0x2000003c                        _k_fifo_list_end = .

k_lifo_area     0x2000003c        0x0 load address 0x000026ec
                0x2000003c                        _k_lifo_list_start = .
 *(SORT_BY_NAME(SORT_BY_ALIGNMENT(._k_lifo.static.*)))
                0x2000003c                        _k_lifo_list_end = .

k_condvar_area  0x2000003c        0x0 load address 0x000026ec
                0x2000003c                        _k_condvar_list_start = .
 *(SORT_BY_NAME(SORT_BY_ALIGNMENT(._k_condvar.static.*)))
                0x2000003c                        _k_condvar_list_end = .

sys_mem_blocks_ptr_area
                0x2000003c        0x0 load address 0x000026ec
                0x2000003c                        _sys_mem_blocks_ptr_list_start = .
 *(SORT_BY_NAME(SORT_BY_ALIGNMENT(._sys_mem_blocks_ptr.static.*)))
                0x2000003c                        _sys_mem_blocks_ptr_list_end = .

net_buf_pool_area
                0x2000003c        0x0 load address 0x000026ec
                0x2000003c                        _net_buf_pool_list_start = .
 *(SORT_BY_NAME(SORT_BY_ALIGNMENT(._net_buf_pool.static.*)))
                0x2000003c                        _net_buf_pool_list_end = .
                0x2000003c                        __data_region_end = .

/DISCARD/
 *(SORT_BY_ALIGNMENT(.irq_info*))
 *(SORT_BY_ALIGNMENT(.intList*))

.stab
 *(SORT_BY_ALIGNMENT(.stab))

.stabstr
 *(SORT_BY_ALIGNMENT(.stabstr))

.stab.excl
 *(SORT_BY_ALIGNMENT(.stab.excl))

.stab.exclstr
 *(SORT_BY_ALIGNMENT(.stab.exclstr))

.stab.index
 *(SORT_BY_ALIGNMENT(.stab.index))

.stab.indexstr
 *(SORT_BY_ALIGNMENT(.stab.indexstr))

.gnu.build.attributes
 *(SORT_BY_ALIGNMENT(.gnu.build.attributes) SORT_BY_ALIGNMENT(.gnu.build.attributes.*))

.comment        0x00000000       0x1f
 *(SORT_BY_ALIGNMENT(.comment))
 .comment       0x00000000       0x1f zephyr/CMakeFiles/zephyr_final.dir/isr_tables.c.obj
                                 0x20 (size before relaxing)
 .comment       0x0000001f       0x20 zephyr/CMakeFiles/offsets.dir/./arch/arm/core/offsets/offsets.c.obj
 .comment       0x0000001f       0x20 app/libapp.a(main.c.obj)
 .comment       0x0000001f       0x20 zephyr/libzephyr.a(heap.c.obj)
 .comment       0x0000001f       0x20 zephyr/libzephyr.a(boot_banner.c.obj)
 .comment       0x0000001f       0x20 zephyr/libzephyr.a(printk.c.obj)
 .comment       0x0000001f       0x20 zephyr/libzephyr.a(last_section_id.c.obj)
 .comment       0x0000001f       0x20 zephyr/libzephyr.a(configs.c.obj)
 .comment       0x0000001f       0x20 zephyr/libzephyr.a(thread_entry.c.obj)
 .comment       0x0000001f       0x20 zephyr/arch/common/libarch__common.a(init.c.obj)
 .comment       0x0000001f       0x20 zephyr/arch/common/libarch__common.a(xip.c.obj)
 .comment       0x0000001f       0x20 zephyr/arch/arch/arm/core/libarch__arm__core.a(fatal.c.obj)
 .comment       0x0000001f       0x20 zephyr/arch/arch/arm/core/libarch__arm__core.a(nmi.c.obj)
 .comment       0x0000001f       0x20 zephyr/arch/arch/arm/core/libarch__arm__core.a(tls.c.obj)
 .comment       0x0000001f       0x20 zephyr/arch/arch/arm/core/cortex_m/libarch__arm__core__cortex_m.a(fault.c.obj)
 .comment       0x0000001f       0x20 zephyr/arch/arch/arm/core/cortex_m/libarch__arm__core__cortex_m.a(irq_manage.c.obj)
 .comment       0x0000001f       0x20 zephyr/arch/arch/arm/core/cortex_m/libarch__arm__core__cortex_m.a(prep_c.c.obj)
 .comment       0x0000001f       0x20 zephyr/arch/arch/arm/core/cortex_m/libarch__arm__core__cortex_m.a(thread.c.obj)
 .comment       0x0000001f       0x20 zephyr/arch/arch/arm/core/cortex_m/libarch__arm__core__cortex_m.a(cpu_idle.c.obj)
 .comment       0x0000001f       0x20 zephyr/arch/arch/arm/core/cortex_m/libarch__arm__core__cortex_m.a(exc_exit.c.obj)
 .comment       0x0000001f       0x20 zephyr/arch/arch/arm/core/cortex_m/libarch__arm__core__cortex_m.a(thread_abort.c.obj)
 .comment       0x0000001f       0x20 zephyr/arch/arch/arm/core/cortex_m/libarch__arm__core__cortex_m.a(irq_init.c.obj)
 .comment       0x0000001f       0x20 zephyr/arch/arch/arm/core/cortex_m/libarch__arm__core__cortex_m.a(isr_wrapper.c.obj)
 .comment       0x0000001f       0x20 zephyr/lib/libc/picolibc/liblib__libc__picolibc.a(stdio.c.obj)
 .comment       0x0000001f       0x20 zephyr/lib/libc/common/liblib__libc__common.a(malloc.c.obj)
 .comment       0x0000001f       0x20 zephyr/soc/soc/ti_lm3s6965/libsoc__ti__lm3s6965.a(soc_config.c.obj)
 .comment       0x0000001f       0x20 zephyr/drivers/console/libdrivers__console.a(uart_console.c.obj)
 .comment       0x0000001f       0x20 zephyr/drivers/serial/libdrivers__serial.a(uart_stellaris.c.obj)
 .comment       0x0000001f       0x20 zephyr/drivers/timer/libdrivers__timer.a(cortex_m_systick.c.obj)
 .comment       0x0000001f       0x20 zephyr/kernel/libkernel.a(device.c.obj)
 .comment       0x0000001f       0x20 zephyr/kernel/libkernel.a(fatal.c.obj)
 .comment       0x0000001f       0x20 zephyr/kernel/libkernel.a(init.c.obj)
 .comment       0x0000001f       0x20 zephyr/kernel/libkernel.a(idle.c.obj)
 .comment       0x0000001f       0x20 zephyr/kernel/libkernel.a(thread.c.obj)
 .comment       0x0000001f       0x20 zephyr/kernel/libkernel.a(sched.c.obj)
 .comment       0x0000001f       0x20 zephyr/kernel/libkernel.a(sleep.c.obj)
 .comment       0x0000001f       0x20 zephyr/kernel/libkernel.a(scheduler.c.obj)
 .comment       0x0000001f       0x20 zephyr/kernel/libkernel.a(timeslicing.c.obj)
 .comment       0x0000001f       0x20 zephyr/kernel/libkernel.a(timeout.c.obj)

.debug
 *(SORT_BY_ALIGNMENT(.debug))

.line
 *(SORT_BY_ALIGNMENT(.line))

.debug_srcinfo
 *(SORT_BY_ALIGNMENT(.debug_srcinfo))

.debug_sfnames
 *(SORT_BY_ALIGNMENT(.debug_sfnames))

.debug_aranges  0x00000000      0xa50
 *(SORT_BY_ALIGNMENT(.debug_aranges))
 .debug_aranges
                0x00000000       0x20 zephyr/arch/arch/arm/core/libarch__arm__core.a(nmi_on_reset.S.obj)
 .debug_aranges
                0x00000020       0x20 zephyr/arch/arch/arm/core/cortex_m/libarch__arm__core__cortex_m.a(fault_s.S.obj)
 .debug_aranges
                0x00000040       0x20 zephyr/arch/arch/arm/core/cortex_m/libarch__arm__core__cortex_m.a(reset.S.obj)
 .debug_aranges
                0x00000060       0x20 zephyr/arch/arch/arm/core/cortex_m/libarch__arm__core__cortex_m.a(svc.S.obj)
 .debug_aranges
                0x00000080       0x20 zephyr/arch/arch/arm/core/cortex_m/libarch__arm__core__cortex_m.a(swap_helper.S.obj)
 .debug_aranges
                0x000000a0       0x20 zephyr/arch/arch/arm/core/cortex_m/libarch__arm__core__cortex_m.a(__aeabi_read_tp.S.obj)
 .debug_aranges
                0x000000c0       0x18 zephyr/CMakeFiles/zephyr_final.dir/isr_tables.c.obj
 .debug_aranges
                0x000000d8       0x20 zephyr/CMakeFiles/offsets.dir/./arch/arm/core/offsets/offsets.c.obj
 .debug_aranges
                0x000000f8       0x20 app/libapp.a(main.c.obj)
 .debug_aranges
                0x00000118       0x98 zephyr/libzephyr.a(heap.c.obj)
 .debug_aranges
                0x000001b0       0x20 zephyr/libzephyr.a(boot_banner.c.obj)
 .debug_aranges
                0x000001d0       0x50 zephyr/libzephyr.a(printk.c.obj)
 .debug_aranges
                0x00000220       0x18 zephyr/libzephyr.a(last_section_id.c.obj)
 .debug_aranges
                0x00000238       0x20 zephyr/libzephyr.a(configs.c.obj)
 .debug_aranges
                0x00000258       0x20 zephyr/libzephyr.a(thread_entry.c.obj)
 .debug_aranges
                0x00000278       0x30 zephyr/arch/common/libarch__common.a(init.c.obj)
 .debug_aranges
                0x000002a8       0x20 zephyr/arch/common/libarch__common.a(xip.c.obj)
 .debug_aranges
                0x000002c8       0x28 zephyr/arch/arch/arm/core/libarch__arm__core.a(fatal.c.obj)
 .debug_aranges
                0x000002f0       0x20 zephyr/arch/arch/arm/core/libarch__arm__core.a(nmi.c.obj)
 .debug_aranges
                0x00000310       0x20 zephyr/arch/arch/arm/core/libarch__arm__core.a(tls.c.obj)
 .debug_aranges
                0x00000330       0x40 zephyr/arch/arch/arm/core/cortex_m/libarch__arm__core__cortex_m.a(fault.c.obj)
 .debug_aranges
                0x00000370       0x40 zephyr/arch/arch/arm/core/cortex_m/libarch__arm__core__cortex_m.a(irq_manage.c.obj)
 .debug_aranges
                0x000003b0       0x28 zephyr/arch/arch/arm/core/cortex_m/libarch__arm__core__cortex_m.a(prep_c.c.obj)
 .debug_aranges
                0x000003d8       0x40 zephyr/arch/arch/arm/core/cortex_m/libarch__arm__core__cortex_m.a(thread.c.obj)
 .debug_aranges
                0x00000418       0x30 zephyr/arch/arch/arm/core/cortex_m/libarch__arm__core__cortex_m.a(cpu_idle.c.obj)
 .debug_aranges
                0x00000448       0x20 zephyr/arch/arch/arm/core/cortex_m/libarch__arm__core__cortex_m.a(exc_exit.c.obj)
 .debug_aranges
                0x00000468       0x20 zephyr/arch/arch/arm/core/cortex_m/libarch__arm__core__cortex_m.a(thread_abort.c.obj)
 .debug_aranges
                0x00000488       0x20 zephyr/arch/arch/arm/core/cortex_m/libarch__arm__core__cortex_m.a(irq_init.c.obj)
 .debug_aranges
                0x000004a8       0x20 zephyr/arch/arch/arm/core/cortex_m/libarch__arm__core__cortex_m.a(isr_wrapper.c.obj)
 .debug_aranges
                0x000004c8       0x38 zephyr/lib/libc/picolibc/liblib__libc__picolibc.a(stdio.c.obj)
 .debug_aranges
                0x00000500       0x60 zephyr/lib/libc/common/liblib__libc__common.a(malloc.c.obj)
 .debug_aranges
                0x00000560       0x20 zephyr/soc/soc/ti_lm3s6965/libsoc__ti__lm3s6965.a(soc_config.c.obj)
 .debug_aranges
                0x00000580       0x30 zephyr/drivers/console/libdrivers__console.a(uart_console.c.obj)
 .debug_aranges
                0x000005b0       0x30 zephyr/drivers/serial/libdrivers__serial.a(uart_stellaris.c.obj)
 .debug_aranges
                0x000005e0       0x58 zephyr/drivers/timer/libdrivers__timer.a(cortex_m_systick.c.obj)
 .debug_aranges
                0x00000638       0x48 zephyr/kernel/libkernel.a(device.c.obj)
 .debug_aranges
                0x00000680       0x38 zephyr/kernel/libkernel.a(fatal.c.obj)
 .debug_aranges
                0x000006b8       0x40 zephyr/kernel/libkernel.a(init.c.obj)
 .debug_aranges
                0x000006f8       0x28 zephyr/kernel/libkernel.a(idle.c.obj)
 .debug_aranges
                0x00000720       0xd0 zephyr/kernel/libkernel.a(thread.c.obj)
 .debug_aranges
                0x000007f0      0x108 zephyr/kernel/libkernel.a(sched.c.obj)
 .debug_aranges
                0x000008f8       0x30 zephyr/kernel/libkernel.a(sleep.c.obj)
 .debug_aranges
                0x00000928       0x58 zephyr/kernel/libkernel.a(scheduler.c.obj)
 .debug_aranges
                0x00000980       0x40 zephyr/kernel/libkernel.a(timeslicing.c.obj)
 .debug_aranges
                0x000009c0       0x90 zephyr/kernel/libkernel.a(timeout.c.obj)

.debug_pubnames
 *(SORT_BY_ALIGNMENT(.debug_pubnames))

.debug_info     0x00000000    0x1dbf8
 *(SORT_BY_ALIGNMENT(.debug_info) SORT_BY_ALIGNMENT(.gnu.linkonce.wi.*))
 .debug_info    0x00000000      0x1a3 zephyr/CMakeFiles/zephyr_final.dir/isr_tables.c.obj
 .debug_info    0x000001a3       0xdc zephyr/CMakeFiles/offsets.dir/./arch/arm/core/offsets/offsets.c.obj
 .debug_info    0x0000027f      0x19c app/libapp.a(main.c.obj)
 .debug_info    0x0000041b     0x3ab7 zephyr/libzephyr.a(heap.c.obj)
 .debug_info    0x00003ed2      0x2f6 zephyr/libzephyr.a(boot_banner.c.obj)
 .debug_info    0x000041c8      0x581 zephyr/libzephyr.a(printk.c.obj)
 .debug_info    0x00004749       0x95 zephyr/libzephyr.a(last_section_id.c.obj)
 .debug_info    0x000047de       0x38 zephyr/libzephyr.a(configs.c.obj)
 .debug_info    0x00004816      0x709 zephyr/libzephyr.a(thread_entry.c.obj)
 .debug_info    0x00004f1f      0x225 zephyr/arch/common/libarch__common.a(init.c.obj)
 .debug_info    0x00005144      0x12d zephyr/arch/common/libarch__common.a(xip.c.obj)
 .debug_info    0x00005271      0x58e zephyr/arch/arch/arm/core/libarch__arm__core.a(fatal.c.obj)
 .debug_info    0x000057ff       0xb6 zephyr/arch/arch/arm/core/libarch__arm__core.a(nmi.c.obj)
 .debug_info    0x000058b5       0x23 zephyr/arch/arch/arm/core/libarch__arm__core.a(nmi_on_reset.S.obj)
 .debug_info    0x000058d8      0x6e4 zephyr/arch/arch/arm/core/libarch__arm__core.a(tls.c.obj)
 .debug_info    0x00005fbc     0x11cf zephyr/arch/arch/arm/core/cortex_m/libarch__arm__core__cortex_m.a(fault.c.obj)
 .debug_info    0x0000718b       0x23 zephyr/arch/arch/arm/core/cortex_m/libarch__arm__core__cortex_m.a(fault_s.S.obj)
 .debug_info    0x000071ae       0x23 zephyr/arch/arch/arm/core/cortex_m/libarch__arm__core__cortex_m.a(reset.S.obj)
 .debug_info    0x000071d1       0x23 zephyr/arch/arch/arm/core/cortex_m/libarch__arm__core__cortex_m.a(svc.S.obj)
 .debug_info    0x000071f4      0x80c zephyr/arch/arch/arm/core/cortex_m/libarch__arm__core__cortex_m.a(irq_manage.c.obj)
 .debug_info    0x00007a00      0x406 zephyr/arch/arch/arm/core/cortex_m/libarch__arm__core__cortex_m.a(prep_c.c.obj)
 .debug_info    0x00007e06      0xadf zephyr/arch/arch/arm/core/cortex_m/libarch__arm__core__cortex_m.a(thread.c.obj)
 .debug_info    0x000088e5      0x4b7 zephyr/arch/arch/arm/core/cortex_m/libarch__arm__core__cortex_m.a(cpu_idle.c.obj)
 .debug_info    0x00008d9c      0x7e3 zephyr/arch/arch/arm/core/cortex_m/libarch__arm__core__cortex_m.a(exc_exit.c.obj)
 .debug_info    0x0000957f      0x888 zephyr/arch/arch/arm/core/cortex_m/libarch__arm__core__cortex_m.a(thread_abort.c.obj)
 .debug_info    0x00009e07       0x23 zephyr/arch/arch/arm/core/cortex_m/libarch__arm__core__cortex_m.a(swap_helper.S.obj)
 .debug_info    0x00009e2a      0x4c3 zephyr/arch/arch/arm/core/cortex_m/libarch__arm__core__cortex_m.a(irq_init.c.obj)
 .debug_info    0x0000a2ed      0x1ab zephyr/arch/arch/arm/core/cortex_m/libarch__arm__core__cortex_m.a(isr_wrapper.c.obj)
 .debug_info    0x0000a498       0x23 zephyr/arch/arch/arm/core/cortex_m/libarch__arm__core__cortex_m.a(__aeabi_read_tp.S.obj)
 .debug_info    0x0000a4bb      0x40d zephyr/lib/libc/picolibc/liblib__libc__picolibc.a(stdio.c.obj)
 .debug_info    0x0000a8c8      0xdd5 zephyr/lib/libc/common/liblib__libc__common.a(malloc.c.obj)
 .debug_info    0x0000b69d      0x2e7 zephyr/soc/soc/ti_lm3s6965/libsoc__ti__lm3s6965.a(soc_config.c.obj)
 .debug_info    0x0000b984      0x7f9 zephyr/drivers/console/libdrivers__console.a(uart_console.c.obj)
 .debug_info    0x0000c17d      0xa9b zephyr/drivers/serial/libdrivers__serial.a(uart_stellaris.c.obj)
 .debug_info    0x0000cc18     0x1121 zephyr/drivers/timer/libdrivers__timer.a(cortex_m_systick.c.obj)
 .debug_info    0x0000dd39      0x3f3 zephyr/kernel/libkernel.a(device.c.obj)
 .debug_info    0x0000e12c      0xc9a zephyr/kernel/libkernel.a(fatal.c.obj)
 .debug_info    0x0000edc6     0x1b02 zephyr/kernel/libkernel.a(init.c.obj)
 .debug_info    0x000108c8      0x2e7 zephyr/kernel/libkernel.a(idle.c.obj)
 .debug_info    0x00010baf     0x299e zephyr/kernel/libkernel.a(thread.c.obj)
 .debug_info    0x0001354d     0x5789 zephyr/kernel/libkernel.a(sched.c.obj)
 .debug_info    0x00018cd6      0xeaa zephyr/kernel/libkernel.a(sleep.c.obj)
 .debug_info    0x00019b80     0x1627 zephyr/kernel/libkernel.a(scheduler.c.obj)
 .debug_info    0x0001b1a7      0xf61 zephyr/kernel/libkernel.a(timeslicing.c.obj)
 .debug_info    0x0001c108     0x1af0 zephyr/kernel/libkernel.a(timeout.c.obj)

.debug_abbrev   0x00000000     0x6b01
 *(SORT_BY_ALIGNMENT(.debug_abbrev))
 .debug_abbrev  0x00000000      0x12e zephyr/CMakeFiles/zephyr_final.dir/isr_tables.c.obj
 .debug_abbrev  0x0000012e       0x62 zephyr/CMakeFiles/offsets.dir/./arch/arm/core/offsets/offsets.c.obj
 .debug_abbrev  0x00000190      0x122 app/libapp.a(main.c.obj)
 .debug_abbrev  0x000002b2      0x4bb zephyr/libzephyr.a(heap.c.obj)
 .debug_abbrev  0x0000076d      0x18e zephyr/libzephyr.a(boot_banner.c.obj)
 .debug_abbrev  0x000008fb      0x2f1 zephyr/libzephyr.a(printk.c.obj)
 .debug_abbrev  0x00000bec       0x46 zephyr/libzephyr.a(last_section_id.c.obj)
 .debug_abbrev  0x00000c32       0x2e zephyr/libzephyr.a(configs.c.obj)
 .debug_abbrev  0x00000c60      0x2ac zephyr/libzephyr.a(thread_entry.c.obj)
 .debug_abbrev  0x00000f0c       0xf3 zephyr/arch/common/libarch__common.a(init.c.obj)
 .debug_abbrev  0x00000fff       0xd1 zephyr/arch/common/libarch__common.a(xip.c.obj)
 .debug_abbrev  0x000010d0      0x20e zephyr/arch/arch/arm/core/libarch__arm__core.a(fatal.c.obj)
 .debug_abbrev  0x000012de       0x70 zephyr/arch/arch/arm/core/libarch__arm__core.a(nmi.c.obj)
 .debug_abbrev  0x0000134e       0x14 zephyr/arch/arch/arm/core/libarch__arm__core.a(nmi_on_reset.S.obj)
 .debug_abbrev  0x00001362      0x2a3 zephyr/arch/arch/arm/core/libarch__arm__core.a(tls.c.obj)
 .debug_abbrev  0x00001605      0x3f2 zephyr/arch/arch/arm/core/cortex_m/libarch__arm__core__cortex_m.a(fault.c.obj)
 .debug_abbrev  0x000019f7       0x14 zephyr/arch/arch/arm/core/cortex_m/libarch__arm__core__cortex_m.a(fault_s.S.obj)
 .debug_abbrev  0x00001a0b       0x14 zephyr/arch/arch/arm/core/cortex_m/libarch__arm__core__cortex_m.a(reset.S.obj)
 .debug_abbrev  0x00001a1f       0x14 zephyr/arch/arch/arm/core/cortex_m/libarch__arm__core__cortex_m.a(svc.S.obj)
 .debug_abbrev  0x00001a33      0x280 zephyr/arch/arch/arm/core/cortex_m/libarch__arm__core__cortex_m.a(irq_manage.c.obj)
 .debug_abbrev  0x00001cb3      0x186 zephyr/arch/arch/arm/core/cortex_m/libarch__arm__core__cortex_m.a(prep_c.c.obj)
 .debug_abbrev  0x00001e39      0x3ad zephyr/arch/arch/arm/core/cortex_m/libarch__arm__core__cortex_m.a(thread.c.obj)
 .debug_abbrev  0x000021e6      0x191 zephyr/arch/arch/arm/core/cortex_m/libarch__arm__core__cortex_m.a(cpu_idle.c.obj)
 .debug_abbrev  0x00002377      0x1c7 zephyr/arch/arch/arm/core/cortex_m/libarch__arm__core__cortex_m.a(exc_exit.c.obj)
 .debug_abbrev  0x0000253e      0x26f zephyr/arch/arch/arm/core/cortex_m/libarch__arm__core__cortex_m.a(thread_abort.c.obj)
 .debug_abbrev  0x000027ad       0x14 zephyr/arch/arch/arm/core/cortex_m/libarch__arm__core__cortex_m.a(swap_helper.S.obj)
 .debug_abbrev  0x000027c1      0x159 zephyr/arch/arch/arm/core/cortex_m/libarch__arm__core__cortex_m.a(irq_init.c.obj)
 .debug_abbrev  0x0000291a      0x13d zephyr/arch/arch/arm/core/cortex_m/libarch__arm__core__cortex_m.a(isr_wrapper.c.obj)
 .debug_abbrev  0x00002a57       0x14 zephyr/arch/arch/arm/core/cortex_m/libarch__arm__core__cortex_m.a(__aeabi_read_tp.S.obj)
 .debug_abbrev  0x00002a6b      0x205 zephyr/lib/libc/picolibc/liblib__libc__picolibc.a(stdio.c.obj)
 .debug_abbrev  0x00002c70      0x458 zephyr/lib/libc/common/liblib__libc__common.a(malloc.c.obj)
 .debug_abbrev  0x000030c8      0x15d zephyr/soc/soc/ti_lm3s6965/libsoc__ti__lm3s6965.a(soc_config.c.obj)
 .debug_abbrev  0x00003225      0x346 zephyr/drivers/console/libdrivers__console.a(uart_console.c.obj)
 .debug_abbrev  0x0000356b      0x3a9 zephyr/drivers/serial/libdrivers__serial.a(uart_stellaris.c.obj)